Connecting to host 10.200.2.10, port 5201
[  5] local 10.200.1.10 port 56711 connected to 10.200.2.10 port 5201
[ ID] Interval           Transfer     Bitrate         Total Datagrams
[  5]   0.00-1.00   sec  1.41 KBytes  11.6 Kbits/sec  1  
[  5]   1.00-2.00   sec  0.00 Bytes  0.00 bits/sec  0  
[  5]   2.00-3.00   sec  0.00 Bytes  0.00 bits/sec  0  
[  5]   3.00-4.00   sec  0.00 Bytes  0.00 bits/sec  0  
[  5]   4.00-5.00   sec  0.00 Bytes  0.00 bits/sec  0  
[  5]   5.00-6.00   sec  0.00 Bytes  0.00 bits/sec  0  
[  5]   6.00-7.00   sec  0.00 Bytes  0.00 bits/sec  0  
[  5]   7.00-8.00   sec  0.00 Bytes  0.00 bits/sec  0  
[  5]   8.00-9.00   sec  0.00 Bytes  0.00 bits/sec  0  
[  5]   9.00-10.00  sec  0.00 Bytes  0.00 bits/sec  0  
[  5]  10.00-11.00  sec  0.00 Bytes  0.00 bits/sec  0  
[  5]  11.00-12.00  sec  0.00 Bytes  0.00 bits/sec  0  
[  5]  12.00-13.00  sec  0.00 Bytes  0.00 bits/sec  0  
[  5]  13.00-14.00  sec  0.00 Bytes  0.00 bits/sec  0  
[  5]  14.00-15.00  sec  0.00 Bytes  0.00 bits/sec  0  
[  5]  15.00-16.00  sec  0.00 Bytes  0.00 bits/sec  0  
[  5]  16.00-17.00  sec  0.00 Bytes  0.00 bits/sec  0  
[  5]  17.00-18.00  sec  0.00 Bytes  0.00 bits/sec  0  
[  5]  18.00-19.00  sec  0.00 Bytes  0.00 bits/sec  0  
[  5]  19.00-20.00  sec  0.00 Bytes  0.00 bits/sec  0  
[  5]  20.00-21.00  sec  0.00 Bytes  0.00 bits/sec  0  
[  5]  21.00-22.00  sec  0.00 Bytes  0.00 bits/sec  0  
[  5]  22.00-23.00  sec  0.00 Bytes  0.00 bits/sec  0  
[  5]  23.00-24.00  sec  0.00 Bytes  0.00 bits/sec  0  
[  5]  24.00-25.00  sec  0.00 Bytes  0.00 bits/sec  0  
[  5]  25.00-26.00  sec  0.00 Bytes  0.00 bits/sec  0  
[  5]  26.00-27.00  sec  0.00 Bytes  0.00 bits/sec  0  
[  5]  27.00-28.00  sec  0.00 Bytes  0.00 bits/sec  0  
[  5]  28.00-29.00  sec  0.00 Bytes  0.00 bits/sec  0  
[  5]  29.00-30.00  sec  0.00 Bytes  0.00 bits/sec  0  
- - - - - - - - - - - - - - - - - - - - - - - - -
[ ID] Interval           Transfer     Bitrate         Jitter    Lost/Total Datagrams
[  5]   0.00-30.00  sec  1.41 KBytes   386 bits/sec  0.000 ms  0/1 (0%)  sender
[  5]   0.00-30.04  sec  0.00 Bytes  0.00 bits/sec  0.000 ms  0/0 (0%)  receiver

iperf Done.
Connecting to host 10.200.2.10, port 5201
[  5] local 10.200.1.10 port 40084 connected to 10.200.2.10 port 5201
[  7] local 10.200.1.10 port 40092 connected to 10.200.2.10 port 5201
[ ID] Interval           Transfer     Bitrate         Retr  Cwnd
[  5]   0.00-1.00   sec  11.5 MBytes  96.4 Mbits/sec   93    328 KBytes       
[  7]   0.00-1.00   sec  10.6 MBytes  89.1 Mbits/sec  137    368 KBytes       
[SUM]   0.00-1.00   sec  22.1 MBytes   185 Mbits/sec  230             
- - - - - - - - - - - - - - - - - - - - - - - - -
[  5]   1.00-2.00   sec  5.25 MBytes  44.0 Mbits/sec    8    182 KBytes       
[  7]   1.00-2.00   sec  8.25 MBytes  69.2 Mbits/sec   11    282 KBytes       
[SUM]   1.00-2.00   sec  13.5 MBytes   113 Mbits/sec   19             
- - - - - - - - - - - - - - - - - - - - - - - - -
[  5]   2.00-3.00   sec  5.00 MBytes  41.9 Mbits/sec    0    200 KBytes       
[  7]   2.00-3.00   sec  8.25 MBytes  69.2 Mbits/sec    0    308 KBytes       
[SUM]   2.00-3.00   sec  13.2 MBytes   111 Mbits/sec    0             
- - - - - - - - - - - - - - - - - - - - - - - - -
[  5]   3.00-4.00   sec  6.38 MBytes  53.5 Mbits/sec    0    216 KBytes       
[  7]   3.00-4.00   sec  8.25 MBytes  69.2 Mbits/sec    0    321 KBytes       
[SUM]   3.00-4.00   sec  14.6 MBytes   123 Mbits/sec    0             
- - - - - - - - - - - - - - - - - - - - - - - - -
[  5]   4.00-5.00   sec  5.00 MBytes  41.9 Mbits/sec    0    236 KBytes       
[  7]   4.00-5.00   sec  8.12 MBytes  68.2 Mbits/sec    0    332 KBytes       
[SUM]   4.00-5.00   sec  13.1 MBytes   110 Mbits/sec    0             
- - - - - - - - - - - - - - - - - - - - - - - - -
[  5]   5.00-6.00   sec  6.12 MBytes  51.4 Mbits/sec    0    255 KBytes       
[  7]   5.00-6.00   sec  8.25 MBytes  69.2 Mbits/sec    0    351 KBytes       
[SUM]   5.00-6.00   sec  14.4 MBytes   121 Mbits/sec    0             
- - - - - - - - - - - - - - - - - - - - - - - - -
[  5]   6.00-7.00   sec  7.38 MBytes  61.9 Mbits/sec    0    274 KBytes       
[  7]   6.00-7.00   sec  9.50 MBytes  79.7 Mbits/sec    5    261 KBytes       
[SUM]   6.00-7.00   sec  16.9 MBytes   142 Mbits/sec    5             
- - - - - - - - - - - - - - - - - - - - - - - - -
[  5]   7.00-8.00   sec  7.38 MBytes  61.9 Mbits/sec    0    293 KBytes       
[  7]   7.00-8.00   sec  6.75 MBytes  56.6 Mbits/sec    0    308 KBytes       
[SUM]   7.00-8.00   sec  14.1 MBytes   118 Mbits/sec    0             
- - - - - - - - - - - - - - - - - - - - - - - - -
[  5]   8.00-9.00   sec  7.38 MBytes  61.9 Mbits/sec    0    312 KBytes       
[  7]   8.00-9.00   sec  8.25 MBytes  69.2 Mbits/sec    9    240 KBytes       
[SUM]   8.00-9.00   sec  15.6 MBytes   131 Mbits/sec    9             
- - - - - - - - - - - - - - - - - - - - - - - - -
[  5]   9.00-10.00  sec  6.62 MBytes  55.6 Mbits/sec   12    252 KBytes       
[  7]   9.00-10.00  sec  4.00 MBytes  33.5 Mbits/sec    9    188 KBytes       
[SUM]   9.00-10.00  sec  10.6 MBytes  89.1 Mbits/sec   21             
- - - - - - - - - - - - - - - - - - - - - - - - -
[  5]  10.00-11.00  sec  7.38 MBytes  61.9 Mbits/sec    0    285 KBytes       
[  7]  10.00-11.00  sec  5.50 MBytes  46.2 Mbits/sec    0    203 KBytes       
[SUM]  10.00-11.00  sec  12.9 MBytes   108 Mbits/sec    0             
- - - - - - - - - - - - - - - - - - - - - - - - -
[  5]  11.00-12.00  sec  7.38 MBytes  61.9 Mbits/sec    0    304 KBytes       
[  7]  11.00-12.00  sec  5.38 MBytes  45.1 Mbits/sec    0    222 KBytes       
[SUM]  11.00-12.00  sec  12.8 MBytes   107 Mbits/sec    0             
- - - - - - - - - - - - - - - - - - - - - - - - -
[  5]  12.00-13.00  sec  7.50 MBytes  62.9 Mbits/sec    0    313 KBytes       
[  7]  12.00-13.00  sec  5.38 MBytes  45.1 Mbits/sec    0    241 KBytes       
[SUM]  12.00-13.00  sec  12.9 MBytes   108 Mbits/sec    0             
- - - - - - - - - - - - - - - - - - - - - - - - -
[  5]  13.00-14.00  sec  7.38 MBytes  61.9 Mbits/sec    0    316 KBytes       
[  7]  13.00-14.00  sec  6.88 MBytes  57.7 Mbits/sec    0    260 KBytes       
[SUM]  13.00-14.00  sec  14.2 MBytes   120 Mbits/sec    0             
- - - - - - - - - - - - - - - - - - - - - - - - -
[  5]  14.00-15.00  sec  8.62 MBytes  72.4 Mbits/sec    0    327 KBytes       
[  7]  14.00-15.00  sec  6.88 MBytes  57.7 Mbits/sec    0    279 KBytes       
[SUM]  14.00-15.00  sec  15.5 MBytes   130 Mbits/sec    0             
- - - - - - - - - - - - - - - - - - - - - - - - -
[  5]  15.00-16.00  sec  8.75 MBytes  73.4 Mbits/sec    0    346 KBytes       
[  7]  15.00-16.00  sec  6.75 MBytes  56.6 Mbits/sec    0    298 KBytes       
[SUM]  15.00-16.00  sec  15.5 MBytes   130 Mbits/sec    0             
- - - - - - - - - - - - - - - - - - - - - - - - -
[  5]  16.00-17.00  sec  8.75 MBytes  73.4 Mbits/sec    0    365 KBytes       
[  7]  16.00-17.00  sec  8.12 MBytes  68.2 Mbits/sec    0    317 KBytes       
[SUM]  16.00-17.00  sec  16.9 MBytes   142 Mbits/sec    0             
- - - - - - - - - - - - - - - - - - - - - - - - -
[  5]  17.00-18.00  sec  9.88 MBytes  82.8 Mbits/sec    0    384 KBytes       
[  7]  17.00-18.00  sec  8.25 MBytes  69.2 Mbits/sec    0    335 KBytes       
[SUM]  17.00-18.00  sec  18.1 MBytes   152 Mbits/sec    0             
- - - - - - - - - - - - - - - - - - - - - - - - -
[  5]  18.00-19.00  sec  9.88 MBytes  82.8 Mbits/sec    0    403 KBytes       
[  7]  18.00-19.00  sec  9.62 MBytes  80.7 Mbits/sec    0    354 KBytes       
[SUM]  18.00-19.00  sec  19.5 MBytes   164 Mbits/sec    0             
- - - - - - - - - - - - - - - - - - - - - - - - -
[  5]  19.00-20.00  sec  10.4 MBytes  87.0 Mbits/sec    3    304 KBytes       
[  7]  19.00-20.00  sec  8.25 MBytes  69.2 Mbits/sec    0    374 KBytes       
[SUM]  19.00-20.00  sec  18.6 MBytes   156 Mbits/sec    3             
- - - - - - - - - - - - - - - - - - - - - - - - -
[  5]  20.00-21.00  sec  7.38 MBytes  61.9 Mbits/sec    0    353 KBytes       
[  7]  20.00-21.00  sec  10.9 MBytes  91.2 Mbits/sec    0    448 KBytes       
[SUM]  20.00-21.00  sec  18.2 MBytes   153 Mbits/sec    0             
- - - - - - - - - - - - - - - - - - - - - - - - -
[  5]  21.00-22.00  sec  9.88 MBytes  82.8 Mbits/sec    0    385 KBytes       
[  7]  21.00-22.00  sec  9.50 MBytes  79.7 Mbits/sec   11    373 KBytes       
[SUM]  21.00-22.00  sec  19.4 MBytes   163 Mbits/sec   11             
- - - - - - - - - - - - - - - - - - - - - - - - -
[  5]  22.00-23.00  sec  9.88 MBytes  82.8 Mbits/sec    0    404 KBytes       
[  7]  22.00-23.00  sec  9.50 MBytes  79.7 Mbits/sec    4    290 KBytes       
[SUM]  22.00-23.00  sec  19.4 MBytes   163 Mbits/sec    4             
- - - - - - - - - - - - - - - - - - - - - - - - -
[  5]  23.00-24.00  sec  11.4 MBytes  95.4 Mbits/sec    0    415 KBytes       
[  7]  23.00-24.00  sec  8.25 MBytes  69.2 Mbits/sec    0    321 KBytes       
[SUM]  23.00-24.00  sec  19.6 MBytes   165 Mbits/sec    0             
- - - - - - - - - - - - - - - - - - - - - - - - -
[  5]  24.00-25.00  sec  7.38 MBytes  61.9 Mbits/sec    1    320 KBytes       
[  7]  24.00-25.00  sec  5.38 MBytes  45.1 Mbits/sec    8    250 KBytes       
[SUM]  24.00-25.00  sec  12.8 MBytes   107 Mbits/sec    9             
- - - - - - - - - - - - - - - - - - - - - - - - -
[  5]  25.00-26.00  sec  8.75 MBytes  73.4 Mbits/sec    0    339 KBytes       
[  7]  25.00-26.00  sec  6.75 MBytes  56.6 Mbits/sec    1    188 KBytes       
[SUM]  25.00-26.00  sec  15.5 MBytes   130 Mbits/sec    1             
- - - - - - - - - - - - - - - - - - - - - - - - -
[  5]  26.00-27.00  sec  7.75 MBytes  65.0 Mbits/sec   12    249 KBytes       
[  7]  26.00-27.00  sec  5.38 MBytes  45.1 Mbits/sec    0    208 KBytes       
[SUM]  26.00-27.00  sec  13.1 MBytes   110 Mbits/sec   12             
- - - - - - - - - - - - - - - - - - - - - - - - -
[  5]  27.00-28.00  sec  7.50 MBytes  62.9 Mbits/sec    0    275 KBytes       
[  7]  27.00-28.00  sec  5.50 MBytes  46.2 Mbits/sec    0    222 KBytes       
[SUM]  27.00-28.00  sec  13.0 MBytes   109 Mbits/sec    0             
- - - - - - - - - - - - - - - - - - - - - - - - -
[  5]  28.00-29.00  sec  7.38 MBytes  61.9 Mbits/sec    0    289 KBytes       
[  7]  28.00-29.00  sec  5.38 MBytes  45.1 Mbits/sec    0    242 KBytes       
[SUM]  28.00-29.00  sec  12.8 MBytes   107 Mbits/sec    0             
- - - - - - - - - - - - - - - - - - - - - - - - -
[  5]  29.00-30.00  sec  6.38 MBytes  53.5 Mbits/sec    2    221 KBytes       
[  7]  29.00-30.00  sec  6.75 MBytes  56.6 Mbits/sec    0    260 KBytes       
[SUM]  29.00-30.00  sec  13.1 MBytes   110 Mbits/sec    2             
- - - - - - - - - - - - - - - - - - - - - - - - -
[  5]  30.00-31.00  sec  6.12 MBytes  51.4 Mbits/sec    0    257 KBytes       
[  7]  30.00-31.00  sec  6.88 MBytes  57.7 Mbits/sec    0    279 KBytes       
[SUM]  30.00-31.00  sec  13.0 MBytes   109 Mbits/sec    0             
- - - - - - - - - - - - - - - - - - - - - - - - -
[  5]  31.00-32.00  sec  6.12 MBytes  51.4 Mbits/sec    0    279 KBytes       
[  7]  31.00-32.00  sec  6.75 MBytes  56.6 Mbits/sec    0    298 KBytes       
[SUM]  31.00-32.00  sec  12.9 MBytes   108 Mbits/sec    0             
- - - - - - - - - - - - - - - - - - - - - - - - -
[  5]  32.00-33.00  sec  7.50 MBytes  62.9 Mbits/sec    0    290 KBytes       
[  7]  32.00-33.00  sec  8.12 MBytes  68.2 Mbits/sec    0    317 KBytes       
[SUM]  32.00-33.00  sec  15.6 MBytes   131 Mbits/sec    0             
- - - - - - - - - - - - - - - - - - - - - - - - -
[  5]  33.00-34.00  sec  7.38 MBytes  61.9 Mbits/sec    0    295 KBytes       
[  7]  33.00-34.00  sec  8.12 MBytes  68.2 Mbits/sec    0    336 KBytes       
[SUM]  33.00-34.00  sec  15.5 MBytes   130 Mbits/sec    0             
- - - - - - - - - - - - - - - - - - - - - - - - -
[  5]  34.00-35.00  sec  6.38 MBytes  53.5 Mbits/sec   15    226 KBytes       
[  7]  34.00-35.00  sec  9.50 MBytes  79.7 Mbits/sec    0    355 KBytes       
[SUM]  34.00-35.00  sec  15.9 MBytes   133 Mbits/sec   15             
- - - - - - - - - - - - - - - - - - - - - - - - -
[  5]  35.00-36.00  sec  7.25 MBytes  60.8 Mbits/sec    0    261 KBytes       
[  7]  35.00-36.00  sec  9.75 MBytes  81.8 Mbits/sec    0    374 KBytes       
[SUM]  35.00-36.00  sec  17.0 MBytes   143 Mbits/sec    0             
- - - - - - - - - - - - - - - - - - - - - - - - -
[  5]  36.00-37.00  sec  6.25 MBytes  52.4 Mbits/sec    0    282 KBytes       
[  7]  36.00-37.00  sec  6.75 MBytes  56.6 Mbits/sec    4    299 KBytes       
[SUM]  36.00-37.00  sec  13.0 MBytes   109 Mbits/sec    4             
- - - - - - - - - - - - - - - - - - - - - - - - -
[  5]  37.00-38.00  sec  7.50 MBytes  62.9 Mbits/sec    0    291 KBytes       
[  7]  37.00-38.00  sec  8.12 MBytes  68.2 Mbits/sec    0    339 KBytes       
[SUM]  37.00-38.00  sec  15.6 MBytes   131 Mbits/sec    0             
- - - - - - - - - - - - - - - - - - - - - - - - -
[  5]  38.00-39.00  sec  7.25 MBytes  60.8 Mbits/sec    0    295 KBytes       
[  7]  38.00-39.00  sec  9.38 MBytes  78.6 Mbits/sec    0    362 KBytes       
[SUM]  38.00-39.00  sec  16.6 MBytes   139 Mbits/sec    0             
- - - - - - - - - - - - - - - - - - - - - - - - -
[  5]  39.00-40.00  sec  6.12 MBytes  51.4 Mbits/sec   20    242 KBytes       
[  7]  39.00-40.00  sec  7.12 MBytes  59.8 Mbits/sec    7    280 KBytes       
[SUM]  39.00-40.00  sec  13.2 MBytes   111 Mbits/sec   27             
- - - - - - - - - - - - - - - - - - - - - - - - -
[  5]  40.00-41.00  sec  6.25 MBytes  52.4 Mbits/sec    0    271 KBytes       
[  7]  40.00-41.00  sec  6.88 MBytes  57.7 Mbits/sec    0    297 KBytes       
[SUM]  40.00-41.00  sec  13.1 MBytes   110 Mbits/sec    0             
- - - - - - - - - - - - - - - - - - - - - - - - -
[  5]  41.00-42.00  sec  7.38 MBytes  61.9 Mbits/sec    0    287 KBytes       
[  7]  41.00-42.00  sec  8.25 MBytes  69.2 Mbits/sec    0    308 KBytes       
[SUM]  41.00-42.00  sec  15.6 MBytes   131 Mbits/sec    0             
- - - - - - - - - - - - - - - - - - - - - - - - -
[  5]  42.00-43.00  sec  7.38 MBytes  61.9 Mbits/sec    0    294 KBytes       
[  7]  42.00-43.00  sec  8.25 MBytes  69.2 Mbits/sec    0    327 KBytes       
[SUM]  42.00-43.00  sec  15.6 MBytes   131 Mbits/sec    0             
- - - - - - - - - - - - - - - - - - - - - - - - -
[  5]  43.00-44.00  sec  7.50 MBytes  62.9 Mbits/sec    0    297 KBytes       
[  7]  43.00-44.00  sec  8.12 MBytes  68.1 Mbits/sec    0    346 KBytes       
[SUM]  43.00-44.00  sec  15.6 MBytes   131 Mbits/sec    0             
- - - - - - - - - - - - - - - - - - - - - - - - -
[  5]  44.00-45.00  sec  7.38 MBytes  61.9 Mbits/sec    0    316 KBytes       
[  7]  44.00-45.00  sec  9.50 MBytes  79.7 Mbits/sec    0    363 KBytes       
[SUM]  44.00-45.00  sec  16.9 MBytes   142 Mbits/sec    0             
- - - - - - - - - - - - - - - - - - - - - - - - -
[  5]  45.00-46.00  sec  8.62 MBytes  72.4 Mbits/sec    0    335 KBytes       
[  7]  45.00-46.00  sec  9.62 MBytes  80.7 Mbits/sec    0    383 KBytes       
[SUM]  45.00-46.00  sec  18.2 MBytes   153 Mbits/sec    0             
- - - - - - - - - - - - - - - - - - - - - - - - -
[  5]  46.00-47.00  sec  8.75 MBytes  73.4 Mbits/sec    0    354 KBytes       
[  7]  46.00-47.00  sec  9.75 MBytes  81.8 Mbits/sec    0    402 KBytes       
[SUM]  46.00-47.00  sec  18.5 MBytes   155 Mbits/sec    0             
- - - - - - - - - - - - - - - - - - - - - - - - -
[  5]  47.00-48.00  sec  8.88 MBytes  74.4 Mbits/sec   10    271 KBytes       
[  7]  47.00-48.00  sec  9.62 MBytes  80.7 Mbits/sec   21    310 KBytes       
[SUM]  47.00-48.00  sec  18.5 MBytes   155 Mbits/sec   31             
- - - - - - - - - - - - - - - - - - - - - - - - -
[  5]  48.00-49.00  sec  7.38 MBytes  61.8 Mbits/sec    0    313 KBytes       
[  7]  48.00-49.00  sec  8.25 MBytes  69.2 Mbits/sec    0    354 KBytes       
[SUM]  48.00-49.00  sec  15.6 MBytes   131 Mbits/sec    0             
- - - - - - - - - - - - - - - - - - - - - - - - -
[  5]  49.00-50.00  sec  8.62 MBytes  72.4 Mbits/sec    0    342 KBytes       
[  7]  49.00-50.00  sec  6.88 MBytes  57.7 Mbits/sec   10    276 KBytes       
[SUM]  49.00-50.00  sec  15.5 MBytes   130 Mbits/sec   10             
- - - - - - - - - - - - - - - - - - - - - - - - -
[  5]  50.00-51.00  sec  8.75 MBytes  73.4 Mbits/sec    0    358 KBytes       
[  7]  50.00-51.00  sec  6.88 MBytes  57.7 Mbits/sec    0    295 KBytes       
[SUM]  50.00-51.00  sec  15.6 MBytes   131 Mbits/sec    0             
- - - - - - - - - - - - - - - - - - - - - - - - -
[  5]  51.00-52.00  sec  7.62 MBytes  64.0 Mbits/sec    5    265 KBytes       
[  7]  51.00-52.00  sec  8.25 MBytes  69.2 Mbits/sec    0    305 KBytes       
[SUM]  51.00-52.00  sec  15.9 MBytes   133 Mbits/sec    5             
- - - - - - - - - - - - - - - - - - - - - - - - -
[  5]  52.00-53.00  sec  7.38 MBytes  61.9 Mbits/sec    0    290 KBytes       
[  7]  52.00-53.00  sec  8.25 MBytes  69.2 Mbits/sec    0    323 KBytes       
[SUM]  52.00-53.00  sec  15.6 MBytes   131 Mbits/sec    0             
- - - - - - - - - - - - - - - - - - - - - - - - -
[  5]  53.00-54.00  sec  7.38 MBytes  61.9 Mbits/sec    0    302 KBytes       
[  7]  53.00-54.00  sec  8.12 MBytes  68.2 Mbits/sec    0    342 KBytes       
[SUM]  53.00-54.00  sec  15.5 MBytes   130 Mbits/sec    0             
- - - - - - - - - - - - - - - - - - - - - - - - -
[  5]  54.00-55.00  sec  7.62 MBytes  64.0 Mbits/sec    1    229 KBytes       
[  7]  54.00-55.00  sec  9.38 MBytes  78.6 Mbits/sec    0    361 KBytes       
[SUM]  54.00-55.00  sec  17.0 MBytes   143 Mbits/sec    1             
- - - - - - - - - - - - - - - - - - - - - - - - -
[  5]  55.00-56.00  sec  4.88 MBytes  40.9 Mbits/sec    2    180 KBytes       
[  7]  55.00-56.00  sec  9.62 MBytes  80.7 Mbits/sec    0    380 KBytes       
[SUM]  55.00-56.00  sec  14.5 MBytes   122 Mbits/sec    2             
- - - - - - - - - - - - - - - - - - - - - - - - -
[  5]  56.00-57.00  sec  3.62 MBytes  30.4 Mbits/sec    0    195 KBytes       
[  7]  56.00-57.00  sec  8.12 MBytes  68.2 Mbits/sec    8    289 KBytes       
[SUM]  56.00-57.00  sec  11.8 MBytes  98.6 Mbits/sec    8             
- - - - - - - - - - - - - - - - - - - - - - - - -
[  5]  57.00-58.00  sec  6.12 MBytes  51.4 Mbits/sec    0    212 KBytes       
[  7]  57.00-58.00  sec  8.25 MBytes  69.2 Mbits/sec    0    334 KBytes       
[SUM]  57.00-58.00  sec  14.4 MBytes   121 Mbits/sec    0             
- - - - - - - - - - - - - - - - - - - - - - - - -
[  5]  58.00-59.00  sec  3.75 MBytes  31.4 Mbits/sec    2    181 KBytes       
[  7]  58.00-59.00  sec  9.50 MBytes  79.7 Mbits/sec    0    365 KBytes       
[SUM]  58.00-59.00  sec  13.2 MBytes   111 Mbits/sec    2             
- - - - - - - - - - - - - - - - - - - - - - - - -
[  5]  59.00-60.00  sec  4.88 MBytes  40.9 Mbits/sec    0    200 KBytes       
[  7]  59.00-60.00  sec  9.62 MBytes  80.7 Mbits/sec    0    383 KBytes       
[SUM]  59.00-60.00  sec  14.5 MBytes   122 Mbits/sec    0             
- - - - - - - - - - - - - - - - - - - - - - - - -
[ ID] Interval           Transfer     Bitrate         Retr
[  5]   0.00-60.00  sec   446 MBytes  62.3 Mbits/sec  186            sender
[  5]   0.00-60.04  sec   443 MBytes  61.9 Mbits/sec                  receiver
[  7]   0.00-60.00  sec   476 MBytes  66.6 Mbits/sec  245            sender
[  7]   0.00-60.04  sec   473 MBytes  66.1 Mbits/sec                  receiver
[SUM]   0.00-60.00  sec   922 MBytes   129 Mbits/sec  431             sender
[SUM]   0.00-60.04  sec   916 MBytes   128 Mbits/sec                  receiver

iperf Done.
