iperf3: error - unable to connect to server - server may have stopped running or use a different port, firewall issue, etc.: Operation timed out
FAILED: iperf3 --connect-timeout 5000 -c 10.200.2.10 -u -b 5M -t 30
FAILED: curl -s --max-time 10 -o /dev/null http://10.200.2.20/fixed.bin
FAILED: curl -s --max-time 10 -o /dev/null http://10.200.2.20/fixed.bin
BUDGET: phase cut at 60 s
Connecting to host 10.200.2.10, port 5201
[  5] local 10.200.1.10 port 47452 connected to 10.200.2.10 port 5201
[  7] local 10.200.1.10 port 47466 connected to 10.200.2.10 port 5201
[ ID] Interval           Transfer     Bitrate         Retr  Cwnd
[  5]   0.00-1.00   sec  9.50 MBytes  79.7 Mbits/sec  169    236 KBytes       
[  7]   0.00-1.00   sec  10.2 MBytes  86.0 Mbits/sec   57    381 KBytes       
[SUM]   0.00-1.00   sec  19.8 MBytes   166 Mbits/sec  226             
- - - - - - - - - - - - - - - - - - - - - - - - -
[  5]   1.00-2.00   sec  5.12 MBytes  43.0 Mbits/sec    0    255 KBytes       
[  7]   1.00-2.00   sec  9.88 MBytes  82.8 Mbits/sec    0    400 KBytes       
[SUM]   1.00-2.00   sec  15.0 MBytes   126 Mbits/sec    0             
- - - - - - - - - - - - - - - - - - - - - - - - -
[  5]   2.00-3.00   sec  7.88 MBytes  66.0 Mbits/sec    0    267 KBytes       
[  7]   2.00-3.00   sec  11.1 MBytes  93.2 Mbits/sec    0    419 KBytes       
[SUM]   2.00-3.00   sec  19.0 MBytes   159 Mbits/sec    0             
- - - - - - - - - - - - - - - - - - - - - - - - -
[  5]   3.00-4.00   sec  5.12 MBytes  43.0 Mbits/sec   10    219 KBytes       
[  7]   3.00-4.00   sec  8.12 MBytes  68.2 Mbits/sec   18    339 KBytes       
[SUM]   3.00-4.00   sec  13.2 MBytes   111 Mbits/sec   28             
- - - - - - - - - - - - - - - - - - - - - - - - -
[  5]   4.00-5.00   sec  6.50 MBytes  54.5 Mbits/sec    0    246 KBytes       
[  7]   4.00-5.00   sec  8.88 MBytes  74.5 Mbits/sec    0    378 KBytes       
[SUM]   4.00-5.00   sec  15.4 MBytes   129 Mbits/sec    0             
- - - - - - - - - - - - - - - - - - - - - - - - -
[  5]   5.00-6.00   sec  6.38 MBytes  53.5 Mbits/sec    0    261 KBytes       
[  7]   5.00-6.00   sec  10.1 MBytes  84.9 Mbits/sec    0    403 KBytes       
[SUM]   5.00-6.00   sec  16.5 MBytes   138 Mbits/sec    0             
- - - - - - - - - - - - - - - - - - - - - - - - -
[  5]   6.00-7.00   sec  6.50 MBytes  54.6 Mbits/sec    0    268 KBytes       
[  7]   6.00-7.00   sec  11.0 MBytes  92.3 Mbits/sec    0    417 KBytes       
[SUM]   6.00-7.00   sec  17.5 MBytes   147 Mbits/sec    0             
- - - - - - - - - - - - - - - - - - - - - - - - -
[  5]   7.00-8.00   sec  6.38 MBytes  53.5 Mbits/sec    0    276 KBytes       
[  7]   7.00-8.00   sec  11.2 MBytes  94.4 Mbits/sec    0    422 KBytes       
[SUM]   7.00-8.00   sec  17.6 MBytes   148 Mbits/sec    0             
- - - - - - - - - - - - - - - - - - - - - - - - -
[  5]   8.00-9.00   sec  7.75 MBytes  65.0 Mbits/sec    0    295 KBytes       
[  7]   8.00-9.00   sec  9.38 MBytes  78.6 Mbits/sec    3    321 KBytes       
[SUM]   8.00-9.00   sec  17.1 MBytes   144 Mbits/sec    3             
- - - - - - - - - - - - - - - - - - - - - - - - -
[  5]   9.00-10.00  sec  7.88 MBytes  66.1 Mbits/sec    0    314 KBytes       
[  7]   9.00-10.00  sec  7.75 MBytes  65.0 Mbits/sec    0    366 KBytes       
[SUM]   9.00-10.00  sec  15.6 MBytes   131 Mbits/sec    0             
- - - - - - - - - - - - - - - - - - - - - - - - -
[  5]  10.00-11.00  sec  7.75 MBytes  65.0 Mbits/sec    0    334 KBytes       
[  7]  10.00-11.00  sec  8.12 MBytes  68.1 Mbits/sec    2    285 KBytes       
[SUM]  10.00-11.00  sec  15.9 MBytes   133 Mbits/sec    2             
- - - - - - - - - - - - - - - - - - - - - - - - -
[  5]  11.00-12.00  sec  7.75 MBytes  65.0 Mbits/sec   14    261 KBytes       
[  7]  11.00-12.00  sec  6.62 MBytes  55.6 Mbits/sec    6    219 KBytes       
[SUM]  11.00-12.00  sec  14.4 MBytes   121 Mbits/sec   20             
- - - - - - - - - - - - - - - - - - - - - - - - -
[  5]  12.00-13.00  sec  7.75 MBytes  65.0 Mbits/sec    0    299 KBytes       
[  7]  12.00-13.00  sec  5.50 MBytes  46.1 Mbits/sec    0    238 KBytes       
[SUM]  12.00-13.00  sec  13.2 MBytes   111 Mbits/sec    0             
- - - - - - - - - - - - - - - - - - - - - - - - -
[  5]  13.00-14.00  sec  7.75 MBytes  65.0 Mbits/sec    0    324 KBytes       
[  7]  13.00-14.00  sec  6.62 MBytes  55.6 Mbits/sec    0    250 KBytes       
[SUM]  13.00-14.00  sec  14.4 MBytes   121 Mbits/sec    0             
- - - - - - - - - - - - - - - - - - - - - - - - -
[  5]  14.00-15.00  sec  7.75 MBytes  65.0 Mbits/sec    0    338 KBytes       
[  7]  14.00-15.00  sec  6.62 MBytes  55.5 Mbits/sec    0    270 KBytes       
[SUM]  14.00-15.00  sec  14.4 MBytes   121 Mbits/sec    0             
- - - - - - - - - - - - - - - - - - - - - - - - -
[  5]  15.00-16.00  sec  9.00 MBytes  75.5 Mbits/sec    0    344 KBytes       
[  7]  15.00-16.00  sec  6.62 MBytes  55.6 Mbits/sec    0    289 KBytes       
[SUM]  15.00-16.00  sec  15.6 MBytes   131 Mbits/sec    0             
- - - - - - - - - - - - - - - - - - - - - - - - -
[  5]  16.00-17.00  sec  8.00 MBytes  67.1 Mbits/sec    8    246 KBytes       
[  7]  16.00-17.00  sec  7.75 MBytes  65.0 Mbits/sec    0    308 KBytes       
[SUM]  16.00-17.00  sec  15.8 MBytes   132 Mbits/sec    8             
- - - - - - - - - - - - - - - - - - - - - - - - -
[  5]  17.00-18.00  sec  7.88 MBytes  66.1 Mbits/sec    0    290 KBytes       
[  7]  17.00-18.00  sec  8.88 MBytes  74.4 Mbits/sec    0    327 KBytes       
[SUM]  17.00-18.00  sec  16.8 MBytes   141 Mbits/sec    0             
- - - - - - - - - - - - - - - - - - - - - - - - -
[  5]  18.00-19.00  sec  7.62 MBytes  64.0 Mbits/sec    0    320 KBytes       
[  7]  18.00-19.00  sec  7.88 MBytes  66.1 Mbits/sec    0    346 KBytes       
[SUM]  18.00-19.00  sec  15.5 MBytes   130 Mbits/sec    0             
- - - - - - - - - - - - - - - - - - - - - - - - -
[  5]  19.00-20.00  sec  7.75 MBytes  65.0 Mbits/sec    0    335 KBytes       
[  7]  19.00-20.00  sec  8.88 MBytes  74.4 Mbits/sec    0    365 KBytes       
[SUM]  19.00-20.00  sec  16.6 MBytes   139 Mbits/sec    0             
- - - - - - - - - - - - - - - - - - - - - - - - -
[  5]  20.00-21.00  sec  7.88 MBytes  66.1 Mbits/sec   10    252 KBytes       
[  7]  20.00-21.00  sec  10.1 MBytes  84.9 Mbits/sec    0    384 KBytes       
[SUM]  20.00-21.00  sec  18.0 MBytes   151 Mbits/sec   10             
- - - - - - - - - - - - - - - - - - - - - - - - -
[  5]  21.00-22.00  sec  6.50 MBytes  54.5 Mbits/sec    0    272 KBytes       
[  7]  21.00-22.00  sec  10.0 MBytes  83.8 Mbits/sec    0    402 KBytes       
[SUM]  21.00-22.00  sec  16.5 MBytes   138 Mbits/sec    0             
- - - - - - - - - - - - - - - - - - - - - - - - -
[  5]  22.00-23.00  sec  7.88 MBytes  66.1 Mbits/sec    0    285 KBytes       
[  7]  22.00-23.00  sec  9.12 MBytes  76.6 Mbits/sec    4    313 KBytes       
[SUM]  22.00-23.00  sec  17.0 MBytes   143 Mbits/sec    4             
- - - - - - - - - - - - - - - - - - - - - - - - -
[  5]  23.00-24.00  sec  6.38 MBytes  53.5 Mbits/sec    0    301 KBytes       
[  7]  23.00-24.00  sec  7.88 MBytes  66.1 Mbits/sec    0    357 KBytes       
[SUM]  23.00-24.00  sec  14.2 MBytes   120 Mbits/sec    0             
- - - - - - - - - - - - - - - - - - - - - - - - -
[  5]  24.00-25.00  sec  7.88 MBytes  66.1 Mbits/sec    8    229 KBytes       
[  7]  24.00-25.00  sec  8.88 MBytes  74.4 Mbits/sec    1    272 KBytes       
[SUM]  24.00-25.00  sec  16.8 MBytes   141 Mbits/sec    9             
- - - - - - - - - - - - - - - - - - - - - - - - -
[  5]  25.00-26.00  sec  6.38 MBytes  53.5 Mbits/sec    0    270 KBytes       
[  7]  25.00-26.00  sec  7.75 MBytes  65.0 Mbits/sec    0    301 KBytes       
[SUM]  25.00-26.00  sec  14.1 MBytes   118 Mbits/sec    0             
- - - - - - - - - - - - - - - - - - - - - - - - -
[  5]  26.00-27.00  sec  7.88 MBytes  66.1 Mbits/sec    0    294 KBytes       
[  7]  26.00-27.00  sec  7.75 MBytes  65.0 Mbits/sec    0    314 KBytes       
[SUM]  26.00-27.00  sec  15.6 MBytes   131 Mbits/sec    0             
- - - - - - - - - - - - - - - - - - - - - - - - -
[  5]  27.00-28.00  sec  7.75 MBytes  65.0 Mbits/sec    0    308 KBytes       
[  7]  27.00-28.00  sec  7.88 MBytes  66.1 Mbits/sec    0    325 KBytes       
[SUM]  27.00-28.00  sec  15.6 MBytes   131 Mbits/sec    0             
- - - - - - - - - - - - - - - - - - - - - - - - -
[  5]  28.00-29.00  sec  6.62 MBytes  55.6 Mbits/sec   12    233 KBytes       
[  7]  28.00-29.00  sec  7.62 MBytes  64.0 Mbits/sec    3    257 KBytes       
[SUM]  28.00-29.00  sec  14.2 MBytes   120 Mbits/sec   15             
- - - - - - - - - - - - - - - - - - - - - - - - -
[  5]  29.00-30.00  sec  5.12 MBytes  43.0 Mbits/sec    0    252 KBytes       
[  7]  29.00-30.00  sec  6.62 MBytes  55.6 Mbits/sec    0    294 KBytes       
[SUM]  29.00-30.00  sec  11.8 MBytes  98.6 Mbits/sec    0             
- - - - - - - - - - - - - - - - - - - - - - - - -
[  5]  30.00-31.01  sec  6.38 MBytes  53.0 Mbits/sec    1    195 KBytes       
[  7]  30.00-31.01  sec  6.62 MBytes  55.1 Mbits/sec   12    229 KBytes       
[SUM]  30.00-31.01  sec  13.0 MBytes   108 Mbits/sec   13             
- - - - - - - - - - - - - - - - - - - - - - - - -
[  5]  31.01-32.00  sec  4.12 MBytes  34.9 Mbits/sec    0    208 KBytes       
[  7]  31.01-32.00  sec  6.62 MBytes  56.0 Mbits/sec    0    246 KBytes       
[SUM]  31.01-32.00  sec  10.8 MBytes  90.9 Mbits/sec    0             
- - - - - - - - - - - - - - - - - - - - - - - - -
[  5]  32.00-33.00  sec  6.38 MBytes  53.5 Mbits/sec    0    227 KBytes       
[  7]  32.00-33.00  sec  5.50 MBytes  46.1 Mbits/sec    0    260 KBytes       
[SUM]  32.00-33.00  sec  11.9 MBytes  99.6 Mbits/sec    0             
- - - - - - - - - - - - - - - - - - - - - - - - -
[  5]  33.00-34.00  sec  5.38 MBytes  45.1 Mbits/sec    0    246 KBytes       
[  7]  33.00-34.00  sec  7.75 MBytes  65.0 Mbits/sec    0    278 KBytes       
[SUM]  33.00-34.00  sec  13.1 MBytes   110 Mbits/sec    0             
- - - - - - - - - - - - - - - - - - - - - - - - -
[  5]  34.00-35.00  sec  6.38 MBytes  53.5 Mbits/sec    0    265 KBytes       
[  7]  34.00-35.00  sec  6.62 MBytes  55.6 Mbits/sec    0    298 KBytes       
[SUM]  34.00-35.00  sec  13.0 MBytes   109 Mbits/sec    0             
- - - - - - - - - - - - - - - - - - - - - - - - -
[  5]  35.00-36.00  sec  7.88 MBytes  66.1 Mbits/sec    0    285 KBytes       
[  7]  35.00-36.00  sec  7.75 MBytes  65.0 Mbits/sec    0    316 KBytes       
[SUM]  35.00-36.00  sec  15.6 MBytes   131 Mbits/sec    0             
- - - - - - - - - - - - - - - - - - - - - - - - -
[  5]  36.00-37.00  sec  6.62 MBytes  55.6 Mbits/sec    0    304 KBytes       
[  7]  36.00-37.00  sec  8.88 MBytes  74.5 Mbits/sec    0    335 KBytes       
[SUM]  36.00-37.00  sec  15.5 MBytes   130 Mbits/sec    0             
- - - - - - - - - - - - - - - - - - - - - - - - -
[  5]  37.00-38.00  sec  9.12 MBytes  76.6 Mbits/sec    0    321 KBytes       
[  7]  37.00-38.00  sec  8.88 MBytes  74.5 Mbits/sec    0    354 KBytes       
[SUM]  37.00-38.00  sec  18.0 MBytes   151 Mbits/sec    0             
- - - - - - - - - - - - - - - - - - - - - - - - -
[  5]  38.00-39.00  sec  7.88 MBytes  66.1 Mbits/sec    0    340 KBytes       
[  7]  38.00-39.00  sec  8.88 MBytes  74.4 Mbits/sec    0    373 KBytes       
[SUM]  38.00-39.00  sec  16.8 MBytes   141 Mbits/sec    0             
- - - - - - - - - - - - - - - - - - - - - - - - -
[  5]  39.00-40.00  sec  9.38 MBytes  78.6 Mbits/sec    0    361 KBytes       
[  7]  39.00-40.00  sec  8.00 MBytes  67.1 Mbits/sec   12    295 KBytes       
[SUM]  39.00-40.00  sec  17.4 MBytes   146 Mbits/sec   12             
- - - - - - - - - - - - - - - - - - - - - - - - -
[  5]  40.00-41.00  sec  9.25 MBytes  77.5 Mbits/sec    0    378 KBytes       
[  7]  40.00-41.00  sec  7.75 MBytes  65.0 Mbits/sec    0    335 KBytes       
[SUM]  40.00-41.00  sec  17.0 MBytes   143 Mbits/sec    0             
- - - - - - - - - - - - - - - - - - - - - - - - -
[  5]  41.00-42.00  sec  7.75 MBytes  65.1 Mbits/sec    5    309 KBytes       
[  7]  41.00-42.00  sec  8.88 MBytes  74.5 Mbits/sec    0    361 KBytes       
[SUM]  41.00-42.00  sec  16.6 MBytes   140 Mbits/sec    5             
- - - - - - - - - - - - - - - - - - - - - - - - -
[  5]  42.00-43.00  sec  7.88 MBytes  66.1 Mbits/sec    0    344 KBytes       
[  7]  42.00-43.00  sec  10.0 MBytes  83.9 Mbits/sec    0    374 KBytes       
[SUM]  42.00-43.00  sec  17.9 MBytes   150 Mbits/sec    0             
- - - - - - - - - - - - - - - - - - - - - - - - -
[  5]  43.00-44.00  sec  9.25 MBytes  77.6 Mbits/sec    0    365 KBytes       
[  7]  43.00-44.00  sec  9.88 MBytes  82.8 Mbits/sec    0    380 KBytes       
[SUM]  43.00-44.00  sec  19.1 MBytes   160 Mbits/sec    0             
- - - - - - - - - - - - - - - - - - - - - - - - -
[  5]  44.00-45.00  sec  9.25 MBytes  77.6 Mbits/sec    0    376 KBytes       
[  7]  44.00-45.00  sec  8.88 MBytes  74.4 Mbits/sec    9    279 KBytes       
[SUM]  44.00-45.00  sec  18.1 MBytes   152 Mbits/sec    9             
- - - - - - - - - - - - - - - - - - - - - - - - -
[  5]  45.00-46.00  sec  9.25 MBytes  77.6 Mbits/sec    0    380 KBytes       
[  7]  45.00-46.00  sec  7.62 MBytes  64.0 Mbits/sec    0    323 KBytes       
[SUM]  45.00-46.00  sec  16.9 MBytes   142 Mbits/sec    0             
- - - - - - - - - - - - - - - - - - - - - - - - -
[  5]  46.00-47.00  sec  6.88 MBytes  57.6 Mbits/sec    5    201 KBytes       
[  7]  46.00-47.00  sec  9.00 MBytes  75.4 Mbits/sec    0    354 KBytes       
[SUM]  46.00-47.00  sec  15.9 MBytes   133 Mbits/sec    5             
- - - - - - - - - - - - - - - - - - - - - - - - -
[  5]  47.00-48.00  sec  5.25 MBytes  44.1 Mbits/sec    0    218 KBytes       
[  7]  47.00-48.00  sec  8.88 MBytes  74.5 Mbits/sec    0    372 KBytes       
[SUM]  47.00-48.00  sec  14.1 MBytes   119 Mbits/sec    0             
- - - - - - - - - - - - - - - - - - - - - - - - -
[  5]  48.00-49.00  sec  6.50 MBytes  54.5 Mbits/sec    0    234 KBytes       
[  7]  48.00-49.00  sec  9.88 MBytes  82.8 Mbits/sec    0    378 KBytes       
[SUM]  48.00-49.00  sec  16.4 MBytes   137 Mbits/sec    0             
- - - - - - - - - - - - - - - - - - - - - - - - -
[  5]  49.00-50.00  sec  6.50 MBytes  54.5 Mbits/sec    0    253 KBytes       
[  7]  49.00-50.00  sec  8.88 MBytes  74.4 Mbits/sec    0    381 KBytes       
[SUM]  49.00-50.00  sec  15.4 MBytes   129 Mbits/sec    0             
- - - - - - - - - - - - - - - - - - - - - - - - -
[  5]  50.00-51.00  sec  6.38 MBytes  53.5 Mbits/sec    0    272 KBytes       
[  7]  50.00-51.00  sec  10.0 MBytes  83.9 Mbits/sec    0    383 KBytes       
[SUM]  50.00-51.00  sec  16.4 MBytes   137 Mbits/sec    0             
- - - - - - - - - - - - - - - - - - - - - - - - -
[  5]  51.00-52.00  sec  6.50 MBytes  54.5 Mbits/sec    0    291 KBytes       
[  7]  51.00-52.00  sec  9.88 MBytes  82.8 Mbits/sec    0    402 KBytes       
[SUM]  51.00-52.00  sec  16.4 MBytes   137 Mbits/sec    0             
- - - - - - - - - - - - - - - - - - - - - - - - -
[  5]  52.00-53.00  sec  7.75 MBytes  65.1 Mbits/sec    0    310 KBytes       
[  7]  52.00-53.00  sec  11.1 MBytes  93.4 Mbits/sec    0    421 KBytes       
[SUM]  52.00-53.00  sec  18.9 MBytes   158 Mbits/sec    0             
- - - - - - - - - - - - - - - - - - - - - - - - -
[  5]  53.00-54.00  sec  7.88 MBytes  66.0 Mbits/sec    0    328 KBytes       
[  7]  53.00-54.00  sec  11.1 MBytes  93.2 Mbits/sec    0    441 KBytes       
[SUM]  53.00-54.00  sec  19.0 MBytes   159 Mbits/sec    0             
- - - - - - - - - - - - - - - - - - - - - - - - -
[  5]  54.00-55.00  sec  9.00 MBytes  75.6 Mbits/sec    5    249 KBytes       
[  7]  54.00-55.00  sec  11.1 MBytes  93.4 Mbits/sec    0    459 KBytes       
[SUM]  54.00-55.00  sec  20.1 MBytes   169 Mbits/sec    5             
- - - - - - - - - - - - - - - - - - - - - - - - -
[  5]  55.00-56.00  sec  5.25 MBytes  44.0 Mbits/sec    4    200 KBytes       
[  7]  55.00-56.00  sec  11.0 MBytes  92.3 Mbits/sec   15    336 KBytes       
[SUM]  55.00-56.00  sec  16.2 MBytes   136 Mbits/sec   19             
- - - - - - - - - - - - - - - - - - - - - - - - -
[  5]  56.00-57.00  sec  5.12 MBytes  43.0 Mbits/sec    0    215 KBytes       
[  7]  56.00-57.00  sec  7.88 MBytes  66.0 Mbits/sec    3    264 KBytes       
[SUM]  56.00-57.00  sec  13.0 MBytes   109 Mbits/sec    3             
- - - - - - - - - - - - - - - - - - - - - - - - -
[  5]  57.00-58.00  sec  5.25 MBytes  44.0 Mbits/sec    0    233 KBytes       
[  7]  57.00-58.00  sec  6.62 MBytes  55.6 Mbits/sec    0    282 KBytes       
[SUM]  57.00-58.00  sec  11.9 MBytes  99.6 Mbits/sec    0             
- - - - - - - - - - - - - - - - - - - - - - - - -
[  5]  58.00-59.00  sec  6.50 MBytes  54.6 Mbits/sec    0    252 KBytes       
[  7]  58.00-59.00  sec  6.62 MBytes  55.6 Mbits/sec    0    293 KBytes       
[SUM]  58.00-59.00  sec  13.1 MBytes   110 Mbits/sec    0             
- - - - - - - - - - - - - - - - - - - - - - - - -
[  5]  59.00-60.00  sec  6.50 MBytes  54.5 Mbits/sec    0    271 KBytes       
[  7]  59.00-60.00  sec  7.75 MBytes  65.0 Mbits/sec    0    312 KBytes       
[SUM]  59.00-60.00  sec  14.2 MBytes   119 Mbits/sec    0             
- - - - - - - - - - - - - - - - - - - - - - - - -
[ ID] Interval           Transfer     Bitrate         Retr
[  5]   0.00-60.00  sec   432 MBytes  60.3 Mbits/sec  251            sender
[  5]   0.00-60.04  sec   429 MBytes  59.9 Mbits/sec                  receiver
[  7]   0.00-60.00  sec   513 MBytes  71.7 Mbits/sec  145            sender
[  7]   0.00-60.04  sec   511 MBytes  71.4 Mbits/sec                  receiver
[SUM]   0.00-60.00  sec   945 MBytes   132 Mbits/sec  396             sender
[SUM]   0.00-60.04  sec   940 MBytes   131 Mbits/sec                  receiver

iperf Done.
