Connecting to host 10.200.2.10, port 5201
[  5] local 10.200.1.10 port 56862 connected to 10.200.2.10 port 5201
[ ID] Interval           Transfer     Bitrate         Total Datagrams
[  5]   0.00-1.00   sec  1.41 KBytes  11.6 Kbits/sec  1  
[  5]   1.00-2.00   sec  0.00 Bytes  0.00 bits/sec  0  
[  5]   2.00-3.00   sec  0.00 Bytes  0.00 bits/sec  0  
[  5]   3.00-4.00   sec  0.00 Bytes  0.00 bits/sec  0  
[  5]   4.00-5.00   sec  0.00 Bytes  0.00 bits/sec  0  
[  5]   5.00-6.00   sec  0.00 Bytes  0.00 bits/sec  0  
[  5]   6.00-7.00   sec  0.00 Bytes  0.00 bits/sec  0  
[  5]   7.00-8.00   sec  0.00 Bytes  0.00 bits/sec  0  
[  5]   8.00-9.00   sec  0.00 Bytes  0.00 bits/sec  0  
[  5]   9.00-10.00  sec  0.00 Bytes  0.00 bits/sec  0  
[  5]  10.00-11.00  sec  0.00 Bytes  0.00 bits/sec  0  
[  5]  11.00-12.00  sec  0.00 Bytes  0.00 bits/sec  0  
[  5]  12.00-13.00  sec  0.00 Bytes  0.00 bits/sec  0  
[  5]  13.00-14.00  sec  0.00 Bytes  0.00 bits/sec  0  
[  5]  14.00-15.00  sec  0.00 Bytes  0.00 bits/sec  0  
[  5]  15.00-16.00  sec  0.00 Bytes  0.00 bits/sec  0  
[  5]  16.00-17.00  sec  0.00 Bytes  0.00 bits/sec  0  
[  5]  17.00-18.00  sec  0.00 Bytes  0.00 bits/sec  0  
[  5]  18.00-19.00  sec  0.00 Bytes  0.00 bits/sec  0  
[  5]  19.00-20.00  sec  0.00 Bytes  0.00 bits/sec  0  
[  5]  20.00-21.00  sec  0.00 Bytes  0.00 bits/sec  0  
[  5]  21.00-22.00  sec  0.00 Bytes  0.00 bits/sec  0  
[  5]  22.00-23.00  sec  0.00 Bytes  0.00 bits/sec  0  
[  5]  23.00-24.00  sec  0.00 Bytes  0.00 bits/sec  0  
[  5]  24.00-25.00  sec  0.00 Bytes  0.00 bits/sec  0  
[  5]  25.00-26.00  sec  0.00 Bytes  0.00 bits/sec  0  
[  5]  26.00-27.00  sec  0.00 Bytes  0.00 bits/sec  0  
[  5]  27.00-28.00  sec  0.00 Bytes  0.00 bits/sec  0  
[  5]  28.00-29.00  sec  0.00 Bytes  0.00 bits/sec  0  
[  5]  29.00-30.00  sec  0.00 Bytes  0.00 bits/sec  0  
- - - - - - - - - - - - - - - - - - - - - - - - -
[ ID] Interval           Transfer     Bitrate         Jitter    Lost/Total Datagrams
[  5]   0.00-30.00  sec  1.41 KBytes   386 bits/sec  0.000 ms  0/1 (0%)  sender
[  5]   0.00-30.05  sec  0.00 Bytes  0.00 bits/sec  0.000 ms  0/0 (0%)  receiver

iperf Done.
Connecting to host 10.200.2.10, port 5201
[  5] local 10.200.1.10 port 33582 connected to 10.200.2.10 port 5201
[  7] local 10.200.1.10 port 33592 connected to 10.200.2.10 port 5201
[ ID] Interval           Transfer     Bitrate         Retr  Cwnd
[  5]   0.00-1.00   sec  12.1 MBytes   102 Mbits/sec   85    373 KBytes       
[  7]   0.00-1.00   sec  11.6 MBytes  97.4 Mbits/sec  120    368 KBytes       
[SUM]   0.00-1.00   sec  23.8 MBytes   199 Mbits/sec  205             
- - - - - - - - - - - - - - - - - - - - - - - - -
[  5]   1.00-2.00   sec  9.62 MBytes  80.7 Mbits/sec    0    403 KBytes       
[  7]   1.00-2.00   sec  9.88 MBytes  82.8 Mbits/sec    0    395 KBytes       
[SUM]   1.00-2.00   sec  19.5 MBytes   164 Mbits/sec    0             
- - - - - - - - - - - - - - - - - - - - - - - - -
[  5]   2.00-3.00   sec  7.00 MBytes  58.8 Mbits/sec    8    310 KBytes       
[  7]   2.00-3.00   sec  6.75 MBytes  56.7 Mbits/sec   17    305 KBytes       
[SUM]   2.00-3.00   sec  13.8 MBytes   115 Mbits/sec   25             
- - - - - - - - - - - - - - - - - - - - - - - - -
[  5]   3.00-4.00   sec  8.25 MBytes  69.2 Mbits/sec    0    331 KBytes       
[  7]   3.00-4.00   sec  8.12 MBytes  68.2 Mbits/sec    0    324 KBytes       
[SUM]   3.00-4.00   sec  16.4 MBytes   137 Mbits/sec    0             
- - - - - - - - - - - - - - - - - - - - - - - - -
[  5]   4.00-5.00   sec  6.88 MBytes  57.7 Mbits/sec   10    180 KBytes       
[  7]   4.00-5.00   sec  8.12 MBytes  68.2 Mbits/sec    0    334 KBytes       
[SUM]   4.00-5.00   sec  15.0 MBytes   126 Mbits/sec   10             
- - - - - - - - - - - - - - - - - - - - - - - - -
[  5]   5.00-6.00   sec  4.12 MBytes  34.6 Mbits/sec    0    197 KBytes       
[  7]   5.00-6.00   sec  7.00 MBytes  58.7 Mbits/sec    2    259 KBytes       
[SUM]   5.00-6.00   sec  11.1 MBytes  93.3 Mbits/sec    2             
- - - - - - - - - - - - - - - - - - - - - - - - -
[  5]   6.00-7.00   sec  5.50 MBytes  46.1 Mbits/sec    0    214 KBytes       
[  7]   6.00-7.00   sec  6.88 MBytes  57.7 Mbits/sec    0    275 KBytes       
[SUM]   6.00-7.00   sec  12.4 MBytes   104 Mbits/sec    0             
- - - - - - - - - - - - - - - - - - - - - - - - -
[  5]   7.00-8.00   sec  5.38 MBytes  45.1 Mbits/sec    0    233 KBytes       
[  7]   7.00-8.00   sec  6.75 MBytes  56.6 Mbits/sec    0    287 KBytes       
[SUM]   7.00-8.00   sec  12.1 MBytes   102 Mbits/sec    0             
- - - - - - - - - - - - - - - - - - - - - - - - -
[  5]   8.00-9.00   sec  6.88 MBytes  57.7 Mbits/sec    0    250 KBytes       
[  7]   8.00-9.00   sec  8.12 MBytes  68.2 Mbits/sec    0    306 KBytes       
[SUM]   8.00-9.00   sec  15.0 MBytes   126 Mbits/sec    0             
- - - - - - - - - - - - - - - - - - - - - - - - -
[  5]   9.00-10.00  sec  6.88 MBytes  57.7 Mbits/sec    0    270 KBytes       
[  7]   9.00-10.00  sec  8.25 MBytes  69.2 Mbits/sec    0    325 KBytes       
[SUM]   9.00-10.00  sec  15.1 MBytes   127 Mbits/sec    0             
- - - - - - - - - - - - - - - - - - - - - - - - -
[  5]  10.00-11.00  sec  6.88 MBytes  57.7 Mbits/sec    0    290 KBytes       
[  7]  10.00-11.00  sec  8.50 MBytes  71.3 Mbits/sec    0    344 KBytes       
[SUM]  10.00-11.00  sec  15.4 MBytes   129 Mbits/sec    0             
- - - - - - - - - - - - - - - - - - - - - - - - -
[  5]  11.00-12.00  sec  6.75 MBytes  56.6 Mbits/sec    0    308 KBytes       
[  7]  11.00-12.00  sec  9.50 MBytes  79.7 Mbits/sec    0    363 KBytes       
[SUM]  11.00-12.00  sec  16.2 MBytes   136 Mbits/sec    0             
- - - - - - - - - - - - - - - - - - - - - - - - -
[  5]  12.00-13.00  sec  8.00 MBytes  67.1 Mbits/sec    0    327 KBytes       
[  7]  12.00-13.00  sec  9.62 MBytes  80.7 Mbits/sec    0    383 KBytes       
[SUM]  12.00-13.00  sec  17.6 MBytes   148 Mbits/sec    0             
- - - - - - - - - - - - - - - - - - - - - - - - -
[  5]  13.00-14.00  sec  9.62 MBytes  80.7 Mbits/sec    0    346 KBytes       
[  7]  13.00-14.00  sec  9.62 MBytes  80.7 Mbits/sec    0    402 KBytes       
[SUM]  13.00-14.00  sec  19.2 MBytes   161 Mbits/sec    0             
- - - - - - - - - - - - - - - - - - - - - - - - -
[  5]  14.00-15.00  sec  8.38 MBytes  70.3 Mbits/sec    0    365 KBytes       
[  7]  14.00-15.00  sec  11.0 MBytes  92.3 Mbits/sec    0    421 KBytes       
[SUM]  14.00-15.00  sec  19.4 MBytes   163 Mbits/sec    0             
- - - - - - - - - - - - - - - - - - - - - - - - -
[  5]  15.00-16.00  sec  9.50 MBytes  79.6 Mbits/sec   10    285 KBytes       
[  7]  15.00-16.00  sec  6.62 MBytes  55.5 Mbits/sec   24    165 KBytes       
[SUM]  15.00-16.00  sec  16.1 MBytes   135 Mbits/sec   34             
- - - - - - - - - - - - - - - - - - - - - - - - -
[  5]  16.00-17.00  sec  8.25 MBytes  69.2 Mbits/sec    0    335 KBytes       
[  7]  16.00-17.00  sec  4.12 MBytes  34.6 Mbits/sec    0    182 KBytes       
[SUM]  16.00-17.00  sec  12.4 MBytes   104 Mbits/sec    0             
- - - - - - - - - - - - - - - - - - - - - - - - -
[  5]  17.00-18.00  sec  9.62 MBytes  80.8 Mbits/sec    0    370 KBytes       
[  7]  17.00-18.00  sec  4.00 MBytes  33.6 Mbits/sec    6    143 KBytes       
[SUM]  17.00-18.00  sec  13.6 MBytes   114 Mbits/sec    6             
- - - - - - - - - - - - - - - - - - - - - - - - -
[  5]  18.00-19.00  sec  9.62 MBytes  80.7 Mbits/sec    0    392 KBytes       
[  7]  18.00-19.00  sec  4.12 MBytes  34.6 Mbits/sec    0    158 KBytes       
[SUM]  18.00-19.00  sec  13.8 MBytes   115 Mbits/sec    0             
- - - - - - - - - - - - - - - - - - - - - - - - -
[  5]  19.00-20.00  sec  9.75 MBytes  81.8 Mbits/sec    0    403 KBytes       
[  7]  19.00-20.00  sec  4.00 MBytes  33.6 Mbits/sec    0    177 KBytes       
[SUM]  19.00-20.00  sec  13.8 MBytes   115 Mbits/sec    0             
- - - - - - - - - - - - - - - - - - - - - - - - -
[  5]  20.00-21.00  sec  9.62 MBytes  80.7 Mbits/sec    0    407 KBytes       
[  7]  20.00-21.00  sec  5.50 MBytes  46.1 Mbits/sec    0    196 KBytes       
[SUM]  20.00-21.00  sec  15.1 MBytes   127 Mbits/sec    0             
- - - - - - - - - - - - - - - - - - - - - - - - -
[  5]  21.00-22.00  sec  11.0 MBytes  92.3 Mbits/sec    0    407 KBytes       
[  7]  21.00-22.00  sec  5.38 MBytes  45.1 Mbits/sec    0    215 KBytes       
[SUM]  21.00-22.00  sec  16.4 MBytes   137 Mbits/sec    0             
- - - - - - - - - - - - - - - - - - - - - - - - -
[  5]  22.00-23.00  sec  11.0 MBytes  92.3 Mbits/sec    0    417 KBytes       
[  7]  22.00-23.00  sec  5.38 MBytes  45.1 Mbits/sec    0    234 KBytes       
[SUM]  22.00-23.00  sec  16.4 MBytes   137 Mbits/sec    0             
- - - - - - - - - - - - - - - - - - - - - - - - -
[  5]  23.00-24.00  sec  10.0 MBytes  83.9 Mbits/sec   11    313 KBytes       
[  7]  23.00-24.00  sec  6.75 MBytes  56.6 Mbits/sec    0    253 KBytes       
[SUM]  23.00-24.00  sec  16.8 MBytes   141 Mbits/sec   11             
- - - - - - - - - - - - - - - - - - - - - - - - -
[  5]  24.00-25.00  sec  8.12 MBytes  68.1 Mbits/sec    0    362 KBytes       
[  7]  24.00-25.00  sec  5.50 MBytes  46.1 Mbits/sec    6    191 KBytes       
[SUM]  24.00-25.00  sec  13.6 MBytes   114 Mbits/sec    6             
- - - - - - - - - - - - - - - - - - - - - - - - -
[  5]  25.00-26.00  sec  9.75 MBytes  81.8 Mbits/sec    0    396 KBytes       
[  7]  25.00-26.00  sec  5.38 MBytes  45.1 Mbits/sec    0    229 KBytes       
[SUM]  25.00-26.00  sec  15.1 MBytes   127 Mbits/sec    0             
- - - - - - - - - - - - - - - - - - - - - - - - -
[  5]  26.00-27.00  sec  9.50 MBytes  79.7 Mbits/sec    8    301 KBytes       
[  7]  26.00-27.00  sec  6.88 MBytes  57.7 Mbits/sec    0    252 KBytes       
[SUM]  26.00-27.00  sec  16.4 MBytes   137 Mbits/sec    8             
- - - - - - - - - - - - - - - - - - - - - - - - -
[  5]  27.00-28.00  sec  8.12 MBytes  68.2 Mbits/sec    0    327 KBytes       
[  7]  27.00-28.00  sec  6.88 MBytes  57.7 Mbits/sec    0    265 KBytes       
[SUM]  27.00-28.00  sec  15.0 MBytes   126 Mbits/sec    0             
- - - - - - - - - - - - - - - - - - - - - - - - -
[  5]  28.00-29.00  sec  8.25 MBytes  69.2 Mbits/sec    0    339 KBytes       
[  7]  28.00-29.00  sec  6.88 MBytes  57.7 Mbits/sec    0    271 KBytes       
[SUM]  28.00-29.00  sec  15.1 MBytes   127 Mbits/sec    0             
- - - - - - - - - - - - - - - - - - - - - - - - -
[  5]  29.00-30.00  sec  8.25 MBytes  69.2 Mbits/sec    0    348 KBytes       
[  7]  29.00-30.00  sec  6.75 MBytes  56.6 Mbits/sec    0    283 KBytes       
[SUM]  29.00-30.00  sec  15.0 MBytes   126 Mbits/sec    0             
- - - - - - - - - - - - - - - - - - - - - - - - -
[  5]  30.00-31.00  sec  9.62 MBytes  80.8 Mbits/sec    0    368 KBytes       
[  7]  30.00-31.00  sec  5.38 MBytes  45.1 Mbits/sec    6    236 KBytes       
[SUM]  30.00-31.00  sec  15.0 MBytes   126 Mbits/sec    6             
- - - - - - - - - - - - - - - - - - - - - - - - -
[  5]  31.00-32.00  sec  9.88 MBytes  82.8 Mbits/sec    0    387 KBytes       
[  7]  31.00-32.00  sec  6.75 MBytes  56.6 Mbits/sec    0    263 KBytes       
[SUM]  31.00-32.00  sec  16.6 MBytes   139 Mbits/sec    0             
- - - - - - - - - - - - - - - - - - - - - - - - -
[  5]  32.00-33.00  sec  9.50 MBytes  79.7 Mbits/sec    0    406 KBytes       
[  7]  32.00-33.00  sec  6.88 MBytes  57.7 Mbits/sec    0    276 KBytes       
[SUM]  32.00-33.00  sec  16.4 MBytes   137 Mbits/sec    0             
- - - - - - - - - - - - - - - - - - - - - - - - -
[  5]  33.00-34.00  sec  11.0 MBytes  92.3 Mbits/sec    0    425 KBytes       
[  7]  33.00-34.00  sec  6.88 MBytes  57.7 Mbits/sec    0    283 KBytes       
[SUM]  33.00-34.00  sec  17.9 MBytes   150 Mbits/sec    0             
- - - - - - - - - - - - - - - - - - - - - - - - -
[  5]  34.00-35.00  sec  9.62 MBytes  80.8 Mbits/sec    3    319 KBytes       
[  7]  34.00-35.00  sec  6.75 MBytes  56.6 Mbits/sec    0    290 KBytes       
[SUM]  34.00-35.00  sec  16.4 MBytes   137 Mbits/sec    3             
- - - - - - - - - - - - - - - - - - - - - - - - -
[  5]  35.00-36.00  sec  9.38 MBytes  78.6 Mbits/sec    0    369 KBytes       
[  7]  35.00-36.00  sec  8.12 MBytes  68.1 Mbits/sec    0    309 KBytes       
[SUM]  35.00-36.00  sec  17.5 MBytes   147 Mbits/sec    0             
- - - - - - - - - - - - - - - - - - - - - - - - -
[  5]  36.00-37.00  sec  8.75 MBytes  73.4 Mbits/sec    3    289 KBytes       
[  7]  36.00-37.00  sec  6.75 MBytes  56.6 Mbits/sec   13    248 KBytes       
[SUM]  36.00-37.00  sec  15.5 MBytes   130 Mbits/sec   16             
- - - - - - - - - - - - - - - - - - - - - - - - -
[  5]  37.00-38.00  sec  6.75 MBytes  56.6 Mbits/sec    0    309 KBytes       
[  7]  37.00-38.00  sec  5.62 MBytes  47.2 Mbits/sec    8    197 KBytes       
[SUM]  37.00-38.00  sec  12.4 MBytes   104 Mbits/sec    8             
- - - - - - - - - - - - - - - - - - - - - - - - -
[  5]  38.00-39.00  sec  8.12 MBytes  68.2 Mbits/sec    0    321 KBytes       
[  7]  38.00-39.00  sec  5.50 MBytes  46.2 Mbits/sec    0    212 KBytes       
[SUM]  38.00-39.00  sec  13.6 MBytes   114 Mbits/sec    0             
- - - - - - - - - - - - - - - - - - - - - - - - -
[  5]  39.00-40.00  sec  8.25 MBytes  69.2 Mbits/sec    0    335 KBytes       
[  7]  39.00-40.00  sec  5.38 MBytes  45.1 Mbits/sec    0    229 KBytes       
[SUM]  39.00-40.00  sec  13.6 MBytes   114 Mbits/sec    0             
- - - - - - - - - - - - - - - - - - - - - - - - -
[  5]  40.00-41.00  sec  9.62 MBytes  80.8 Mbits/sec    0    354 KBytes       
[  7]  40.00-41.00  sec  5.38 MBytes  45.1 Mbits/sec    0    249 KBytes       
[SUM]  40.00-41.00  sec  15.0 MBytes   126 Mbits/sec    0             
- - - - - - - - - - - - - - - - - - - - - - - - -
[  5]  41.00-42.00  sec  8.12 MBytes  68.2 Mbits/sec    0    373 KBytes       
[  7]  41.00-42.00  sec  6.88 MBytes  57.7 Mbits/sec    0    267 KBytes       
[SUM]  41.00-42.00  sec  15.0 MBytes   126 Mbits/sec    0             
- - - - - - - - - - - - - - - - - - - - - - - - -
[  5]  42.00-43.00  sec  11.0 MBytes  92.3 Mbits/sec    0    392 KBytes       
[  7]  42.00-43.00  sec  6.75 MBytes  56.6 Mbits/sec    0    286 KBytes       
[SUM]  42.00-43.00  sec  17.8 MBytes   149 Mbits/sec    0             
- - - - - - - - - - - - - - - - - - - - - - - - -
[  5]  43.00-44.00  sec  9.50 MBytes  79.7 Mbits/sec    0    411 KBytes       
[  7]  43.00-44.00  sec  8.25 MBytes  69.2 Mbits/sec    0    305 KBytes       
[SUM]  43.00-44.00  sec  17.8 MBytes   149 Mbits/sec    0             
- - - - - - - - - - - - - - - - - - - - - - - - -
[  5]  44.00-45.00  sec  10.8 MBytes  90.1 Mbits/sec    0    430 KBytes       
[  7]  44.00-45.00  sec  8.12 MBytes  68.1 Mbits/sec    0    324 KBytes       
[SUM]  44.00-45.00  sec  18.9 MBytes   158 Mbits/sec    0             
- - - - - - - - - - - - - - - - - - - - - - - - -
[  5]  45.00-46.00  sec  11.0 MBytes  92.3 Mbits/sec    0    448 KBytes       
[  7]  45.00-46.00  sec  6.75 MBytes  56.6 Mbits/sec   14    252 KBytes       
[SUM]  45.00-46.00  sec  17.8 MBytes   149 Mbits/sec   14             
- - - - - - - - - - - - - - - - - - - - - - - - -
[  5]  46.00-47.00  sec  12.1 MBytes   102 Mbits/sec    0    468 KBytes       
[  7]  46.00-47.00  sec  6.88 MBytes  57.7 Mbits/sec    0    293 KBytes       
[SUM]  46.00-47.00  sec  19.0 MBytes   159 Mbits/sec    0             
- - - - - - - - - - - - - - - - - - - - - - - - -
[  5]  47.00-48.00  sec  9.62 MBytes  80.7 Mbits/sec   12    370 KBytes       
[  7]  47.00-48.00  sec  8.12 MBytes  68.1 Mbits/sec    0    316 KBytes       
[SUM]  47.00-48.00  sec  17.8 MBytes   149 Mbits/sec   12             
- - - - - - - - - - - - - - - - - - - - - - - - -
[  5]  48.00-49.00  sec  9.62 MBytes  80.8 Mbits/sec    0    417 KBytes       
[  7]  48.00-49.00  sec  8.12 MBytes  68.2 Mbits/sec    0    329 KBytes       
[SUM]  48.00-49.00  sec  17.8 MBytes   149 Mbits/sec    0             
- - - - - - - - - - - - - - - - - - - - - - - - -
[  5]  49.00-50.00  sec  8.50 MBytes  71.3 Mbits/sec   14    323 KBytes       
[  7]  49.00-50.00  sec  8.12 MBytes  68.2 Mbits/sec    8    314 KBytes       
[SUM]  49.00-50.00  sec  16.6 MBytes   139 Mbits/sec   22             
- - - - - - - - - - - - - - - - - - - - - - - - -
[  5]  50.00-51.00  sec  8.25 MBytes  69.2 Mbits/sec    0    342 KBytes       
[  7]  50.00-51.00  sec  6.75 MBytes  56.6 Mbits/sec    0    276 KBytes       
[SUM]  50.00-51.00  sec  15.0 MBytes   126 Mbits/sec    0             
- - - - - - - - - - - - - - - - - - - - - - - - -
[  5]  51.00-52.00  sec  8.12 MBytes  68.1 Mbits/sec    5    172 KBytes       
[  7]  51.00-52.00  sec  8.12 MBytes  68.1 Mbits/sec    0    308 KBytes       
[SUM]  51.00-52.00  sec  16.2 MBytes   136 Mbits/sec    5             
- - - - - - - - - - - - - - - - - - - - - - - - -
[  5]  52.00-53.00  sec  5.62 MBytes  47.2 Mbits/sec    0    193 KBytes       
[  7]  52.00-53.00  sec  8.25 MBytes  69.2 Mbits/sec    0    325 KBytes       
[SUM]  52.00-53.00  sec  13.9 MBytes   116 Mbits/sec    0             
- - - - - - - - - - - - - - - - - - - - - - - - -
[  5]  53.00-54.00  sec  5.38 MBytes  45.1 Mbits/sec    0    208 KBytes       
[  7]  53.00-54.00  sec  8.12 MBytes  68.2 Mbits/sec    0    334 KBytes       
[SUM]  53.00-54.00  sec  13.5 MBytes   113 Mbits/sec    0             
- - - - - - - - - - - - - - - - - - - - - - - - -
[  5]  54.00-55.00  sec  5.38 MBytes  45.1 Mbits/sec    0    227 KBytes       
[  7]  54.00-55.00  sec  8.38 MBytes  70.3 Mbits/sec    0    335 KBytes       
[SUM]  54.00-55.00  sec  13.8 MBytes   115 Mbits/sec    0             
- - - - - - - - - - - - - - - - - - - - - - - - -
[  5]  55.00-56.00  sec  5.50 MBytes  46.1 Mbits/sec    0    246 KBytes       
[  7]  55.00-56.00  sec  8.25 MBytes  69.2 Mbits/sec    0    346 KBytes       
[SUM]  55.00-56.00  sec  13.8 MBytes   115 Mbits/sec    0             
- - - - - - - - - - - - - - - - - - - - - - - - -
[  5]  56.00-57.00  sec  6.75 MBytes  56.7 Mbits/sec    0    264 KBytes       
[  7]  56.00-57.00  sec  8.12 MBytes  68.2 Mbits/sec    3    278 KBytes       
[SUM]  56.00-57.00  sec  14.9 MBytes   125 Mbits/sec    3             
- - - - - - - - - - - - - - - - - - - - - - - - -
[  5]  57.00-58.00  sec  6.88 MBytes  57.7 Mbits/sec    0    283 KBytes       
[  7]  57.00-58.00  sec  6.75 MBytes  56.6 Mbits/sec    0    314 KBytes       
[SUM]  57.00-58.00  sec  13.6 MBytes   114 Mbits/sec    0             
- - - - - - - - - - - - - - - - - - - - - - - - -
[  5]  58.00-59.00  sec  8.25 MBytes  69.2 Mbits/sec    0    304 KBytes       
[  7]  58.00-59.00  sec  9.50 MBytes  79.6 Mbits/sec    0    336 KBytes       
[SUM]  58.00-59.00  sec  17.8 MBytes   149 Mbits/sec    0             
- - - - - - - - - - - - - - - - - - - - - - - - -
[  5]  59.00-60.00  sec  6.88 MBytes  57.7 Mbits/sec    0    323 KBytes       
[  7]  59.00-60.00  sec  8.25 MBytes  69.2 Mbits/sec    0    348 KBytes       
[SUM]  59.00-60.00  sec  15.1 MBytes   127 Mbits/sec    0             
- - - - - - - - - - - - - - - - - - - - - - - - -
[ ID] Interval           Transfer     Bitrate         Retr
[  5]   0.00-60.00  sec   510 MBytes  71.4 Mbits/sec  169            sender
[  5]   0.00-60.04  sec   508 MBytes  71.0 Mbits/sec                  receiver
[  7]   0.00-60.00  sec   432 MBytes  60.4 Mbits/sec  227            sender
[  7]   0.00-60.04  sec   429 MBytes  59.9 Mbits/sec                  receiver
[SUM]   0.00-60.00  sec   942 MBytes   132 Mbits/sec  396             sender
[SUM]   0.00-60.04  sec   937 MBytes   131 Mbits/sec                  receiver

iperf Done.
