Connecting to host 10.200.2.10, port 5201
[  5] local 10.200.1.10 port 60406 connected to 10.200.2.10 port 5201
[ ID] Interval           Transfer     Bitrate         Total Datagrams
[  5]   0.00-1.00   sec   611 KBytes  5.00 Mbits/sec  449  
[  5]   1.00-2.00   sec   611 KBytes  5.01 Mbits/sec  449  
[  5]   2.00-3.00   sec   610 KBytes  5.00 Mbits/sec  448  
[  5]   3.00-4.00   sec   610 KBytes  5.00 Mbits/sec  448  
[  5]   4.00-5.00   sec   611 KBytes  5.01 Mbits/sec  449  
[  5]   5.00-6.00   sec   610 KBytes  5.00 Mbits/sec  448  
[  5]   6.00-7.00   sec   610 KBytes  5.00 Mbits/sec  448  
[  5]   7.00-8.00   sec   611 KBytes  5.01 Mbits/sec  449  
[  5]   8.00-9.00   sec   610 KBytes  5.00 Mbits/sec  448  
[  5]   9.00-10.00  sec   610 KBytes  5.00 Mbits/sec  448  
[  5]  10.00-11.00  sec   611 KBytes  5.01 Mbits/sec  449  
[  5]  11.00-12.00  sec   610 KBytes  5.00 Mbits/sec  448  
[  5]  12.00-13.00  sec   610 KBytes  5.00 Mbits/sec  448  
[  5]  13.00-14.00  sec   611 KBytes  5.01 Mbits/sec  449  
[  5]  14.00-15.00  sec   610 KBytes  5.00 Mbits/sec  448  
[  5]  15.00-16.00  sec   611 KBytes  5.01 Mbits/sec  449  
[  5]  16.00-17.00  sec   610 KBytes  5.00 Mbits/sec  448  
[  5]  17.00-18.00  sec   610 KBytes  5.00 Mbits/sec  448  
[  5]  18.00-19.00  sec   611 KBytes  5.01 Mbits/sec  449  
[  5]  19.00-20.00  sec   610 KBytes  5.00 Mbits/sec  448  
[  5]  20.00-21.00  sec   610 KBytes  5.00 Mbits/sec  448  
[  5]  21.00-22.00  sec   611 KBytes  5.01 Mbits/sec  449  
[  5]  22.00-23.00  sec   610 KBytes  5.00 Mbits/sec  448  
[  5]  23.00-24.00  sec   610 KBytes  5.00 Mbits/sec  448  
[  5]  24.00-25.00  sec   611 KBytes  5.01 Mbits/sec  449  
[  5]  25.00-26.00  sec   610 KBytes  5.00 Mbits/sec  448  
[  5]  26.00-27.00  sec   610 KBytes  5.00 Mbits/sec  448  
[  5]  27.00-28.00  sec   611 KBytes  5.01 Mbits/sec  449  
[  5]  28.00-29.00  sec   610 KBytes  5.00 Mbits/sec  448  
[  5]  29.00-30.00  sec   610 KBytes  5.00 Mbits/sec  448  
- - - - - - - - - - - - - - - - - - - - - - - - -
[ ID] Interval           Transfer     Bitrate         Jitter    Lost/Total Datagrams
[  5]   0.00-30.00  sec  17.9 MBytes  5.00 Mbits/sec  0.000 ms  0/13451 (0%)  sender
[  5]   0.00-30.04  sec  17.9 MBytes  4.99 Mbits/sec  0.030 ms  0/13451 (0%)  receiver

iperf Done.
Connecting to host 10.200.2.10, port 5201
[  5] local 10.200.1.10 port 40150 connected to 10.200.2.10 port 5201
[  7] local 10.200.1.10 port 40152 connected to 10.200.2.10 port 5201
[ ID] Interval           Transfer     Bitrate         Retr  Cwnd
[  5]   0.00-1.00   sec  16.0 MBytes   134 Mbits/sec  663    257 KBytes       
[  7]   0.00-1.00   sec  13.8 MBytes   115 Mbits/sec  556    346 KBytes       
[SUM]   0.00-1.00   sec  29.8 MBytes   249 Mbits/sec  1219             
- - - - - - - - - - - - - - - - - - - - - - - - -
[  5]   1.00-2.00   sec  5.62 MBytes  47.2 Mbits/sec    9    203 KBytes       
[  7]   1.00-2.00   sec  9.50 MBytes  79.7 Mbits/sec    0    378 KBytes       
[SUM]   1.00-2.00   sec  15.1 MBytes   127 Mbits/sec    9             
- - - - - - - - - - - - - - - - - - - - - - - - -
[  5]   2.00-3.00   sec  5.50 MBytes  46.1 Mbits/sec    0    216 KBytes       
[  7]   2.00-3.00   sec  9.50 MBytes  79.7 Mbits/sec    0    396 KBytes       
[SUM]   2.00-3.00   sec  15.0 MBytes   126 Mbits/sec    0             
- - - - - - - - - - - - - - - - - - - - - - - - -
[  5]   3.00-4.00   sec  5.50 MBytes  46.1 Mbits/sec    0    236 KBytes       
[  7]   3.00-4.00   sec  8.25 MBytes  69.2 Mbits/sec    7    295 KBytes       
[SUM]   3.00-4.00   sec  13.8 MBytes   115 Mbits/sec    7             
- - - - - - - - - - - - - - - - - - - - - - - - -
[  5]   4.00-5.00   sec  6.75 MBytes  56.6 Mbits/sec    0    253 KBytes       
[  7]   4.00-5.00   sec  8.25 MBytes  69.2 Mbits/sec    0    321 KBytes       
[SUM]   4.00-5.00   sec  15.0 MBytes   126 Mbits/sec    0             
- - - - - - - - - - - - - - - - - - - - - - - - -
[  5]   5.00-6.00   sec  5.38 MBytes  45.1 Mbits/sec    0    272 KBytes       
[  7]   5.00-6.00   sec  8.50 MBytes  71.3 Mbits/sec    0    335 KBytes       
[SUM]   5.00-6.00   sec  13.9 MBytes   116 Mbits/sec    0             
- - - - - - - - - - - - - - - - - - - - - - - - -
[  5]   6.00-7.00   sec  8.25 MBytes  69.2 Mbits/sec    0    291 KBytes       
[  7]   6.00-7.00   sec  8.12 MBytes  68.2 Mbits/sec    1    241 KBytes       
[SUM]   6.00-7.00   sec  16.4 MBytes   137 Mbits/sec    1             
- - - - - - - - - - - - - - - - - - - - - - - - -
[  5]   7.00-8.00   sec  6.88 MBytes  57.7 Mbits/sec    0    310 KBytes       
[  7]   7.00-8.00   sec  6.88 MBytes  57.7 Mbits/sec    0    286 KBytes       
[SUM]   7.00-8.00   sec  13.8 MBytes   115 Mbits/sec    0             
- - - - - - - - - - - - - - - - - - - - - - - - -
[  5]   8.00-9.00   sec  8.25 MBytes  69.2 Mbits/sec    0    329 KBytes       
[  7]   8.00-9.00   sec  8.00 MBytes  67.1 Mbits/sec    0    316 KBytes       
[SUM]   8.00-9.00   sec  16.2 MBytes   136 Mbits/sec    0             
- - - - - - - - - - - - - - - - - - - - - - - - -
[  5]   9.00-10.00  sec  9.50 MBytes  79.7 Mbits/sec    0    348 KBytes       
[  7]   9.00-10.00  sec  8.25 MBytes  69.2 Mbits/sec   10    231 KBytes       
[SUM]   9.00-10.00  sec  17.8 MBytes   149 Mbits/sec   10             
- - - - - - - - - - - - - - - - - - - - - - - - -
[  5]  10.00-11.00  sec  8.12 MBytes  68.2 Mbits/sec    0    368 KBytes       
[  7]  10.00-11.00  sec  6.62 MBytes  55.6 Mbits/sec    0    259 KBytes       
[SUM]  10.00-11.00  sec  14.8 MBytes   124 Mbits/sec    0             
- - - - - - - - - - - - - - - - - - - - - - - - -
[  5]  11.00-12.00  sec  9.50 MBytes  79.7 Mbits/sec    0    387 KBytes       
[  7]  11.00-12.00  sec  6.75 MBytes  56.6 Mbits/sec    0    274 KBytes       
[SUM]  11.00-12.00  sec  16.2 MBytes   136 Mbits/sec    0             
- - - - - - - - - - - - - - - - - - - - - - - - -
[  5]  12.00-13.00  sec  9.62 MBytes  80.7 Mbits/sec    3    327 KBytes       
[  7]  12.00-13.00  sec  6.75 MBytes  56.6 Mbits/sec    7    206 KBytes       
[SUM]  12.00-13.00  sec  16.4 MBytes   137 Mbits/sec   10             
- - - - - - - - - - - - - - - - - - - - - - - - -
[  5]  13.00-14.00  sec  9.62 MBytes  80.8 Mbits/sec    0    373 KBytes       
[  7]  13.00-14.00  sec  5.50 MBytes  46.2 Mbits/sec    0    225 KBytes       
[SUM]  13.00-14.00  sec  15.1 MBytes   127 Mbits/sec    0             
- - - - - - - - - - - - - - - - - - - - - - - - -
[  5]  14.00-15.00  sec  9.62 MBytes  80.7 Mbits/sec    0    407 KBytes       
[  7]  14.00-15.00  sec  5.50 MBytes  46.1 Mbits/sec   10    166 KBytes       
[SUM]  14.00-15.00  sec  15.1 MBytes   127 Mbits/sec   10             
- - - - - - - - - - - - - - - - - - - - - - - - -
[  5]  15.00-16.00  sec  10.9 MBytes  91.2 Mbits/sec    0    426 KBytes       
[  7]  15.00-16.00  sec  4.00 MBytes  33.6 Mbits/sec    0    203 KBytes       
[SUM]  15.00-16.00  sec  14.9 MBytes   125 Mbits/sec    0             
- - - - - - - - - - - - - - - - - - - - - - - - -
[  5]  16.00-17.00  sec  11.0 MBytes  92.3 Mbits/sec    0    436 KBytes       
[  7]  16.00-17.00  sec  5.38 MBytes  45.1 Mbits/sec    0    223 KBytes       
[SUM]  16.00-17.00  sec  16.4 MBytes   137 Mbits/sec    0             
- - - - - - - - - - - - - - - - - - - - - - - - -
[  5]  17.00-18.00  sec  11.0 MBytes  92.3 Mbits/sec    0    438 KBytes       
[  7]  17.00-18.00  sec  6.88 MBytes  57.7 Mbits/sec    0    234 KBytes       
[SUM]  17.00-18.00  sec  17.9 MBytes   150 Mbits/sec    0             
- - - - - - - - - - - - - - - - - - - - - - - - -
[  5]  18.00-19.00  sec  11.1 MBytes  93.3 Mbits/sec    0    438 KBytes       
[  7]  18.00-19.00  sec  5.38 MBytes  45.1 Mbits/sec    0    241 KBytes       
[SUM]  18.00-19.00  sec  16.5 MBytes   138 Mbits/sec    0             
- - - - - - - - - - - - - - - - - - - - - - - - -
[  5]  19.00-20.00  sec  11.0 MBytes  92.3 Mbits/sec    8    313 KBytes       
[  7]  19.00-20.00  sec  6.75 MBytes  56.6 Mbits/sec    0    260 KBytes       
[SUM]  19.00-20.00  sec  17.8 MBytes   149 Mbits/sec    8             
- - - - - - - - - - - - - - - - - - - - - - - - -
[  5]  20.00-21.00  sec  8.25 MBytes  69.2 Mbits/sec    0    366 KBytes       
[  7]  20.00-21.00  sec  6.75 MBytes  56.6 Mbits/sec    0    279 KBytes       
[SUM]  20.00-21.00  sec  15.0 MBytes   126 Mbits/sec    0             
- - - - - - - - - - - - - - - - - - - - - - - - -
[  5]  21.00-22.00  sec  9.88 MBytes  82.8 Mbits/sec    0    403 KBytes       
[  7]  21.00-22.00  sec  6.75 MBytes  56.6 Mbits/sec    0    298 KBytes       
[SUM]  21.00-22.00  sec  16.6 MBytes   139 Mbits/sec    0             
- - - - - - - - - - - - - - - - - - - - - - - - -
[  5]  22.00-23.00  sec  10.8 MBytes  90.2 Mbits/sec    3    299 KBytes       
[  7]  22.00-23.00  sec  8.25 MBytes  69.2 Mbits/sec    0    317 KBytes       
[SUM]  22.00-23.00  sec  19.0 MBytes   159 Mbits/sec    3             
- - - - - - - - - - - - - - - - - - - - - - - - -
[  5]  23.00-24.00  sec  8.25 MBytes  69.2 Mbits/sec    0    331 KBytes       
[  7]  23.00-24.00  sec  6.75 MBytes  56.6 Mbits/sec    5    253 KBytes       
[SUM]  23.00-24.00  sec  15.0 MBytes   126 Mbits/sec    5             
- - - - - - - - - - - - - - - - - - - - - - - - -
[  5]  24.00-25.00  sec  8.25 MBytes  69.2 Mbits/sec    0    347 KBytes       
[  7]  24.00-25.00  sec  6.75 MBytes  56.6 Mbits/sec    0    287 KBytes       
[SUM]  24.00-25.00  sec  15.0 MBytes   126 Mbits/sec    0             
- - - - - - - - - - - - - - - - - - - - - - - - -
[  5]  25.00-26.00  sec  8.38 MBytes  70.2 Mbits/sec    0    355 KBytes       
[  7]  25.00-26.00  sec  8.38 MBytes  70.2 Mbits/sec    0    308 KBytes       
[SUM]  25.00-26.00  sec  16.8 MBytes   140 Mbits/sec    0             
- - - - - - - - - - - - - - - - - - - - - - - - -
[  5]  26.00-27.00  sec  8.12 MBytes  68.2 Mbits/sec   14    286 KBytes       
[  7]  26.00-27.00  sec  5.50 MBytes  46.2 Mbits/sec    8    238 KBytes       
[SUM]  26.00-27.00  sec  13.6 MBytes   114 Mbits/sec   22             
- - - - - - - - - - - - - - - - - - - - - - - - -
[  5]  27.00-28.00  sec  6.88 MBytes  57.7 Mbits/sec    0    321 KBytes       
[  7]  27.00-28.00  sec  6.88 MBytes  57.7 Mbits/sec    0    255 KBytes       
[SUM]  27.00-28.00  sec  13.8 MBytes   115 Mbits/sec    0             
- - - - - - - - - - - - - - - - - - - - - - - - -
[  5]  28.00-29.00  sec  9.50 MBytes  79.7 Mbits/sec    0    342 KBytes       
[  7]  28.00-29.00  sec  6.75 MBytes  56.6 Mbits/sec    0    268 KBytes       
[SUM]  28.00-29.00  sec  16.2 MBytes   136 Mbits/sec    0             
- - - - - - - - - - - - - - - - - - - - - - - - -
[  5]  29.00-30.00  sec  6.88 MBytes  57.7 Mbits/sec    6    253 KBytes       
[  7]  29.00-30.00  sec  5.50 MBytes  46.1 Mbits/sec   12    208 KBytes       
[SUM]  29.00-30.00  sec  12.4 MBytes   104 Mbits/sec   18             
- - - - - - - - - - - - - - - - - - - - - - - - -
[  5]  30.00-31.00  sec  6.88 MBytes  57.6 Mbits/sec    0    278 KBytes       
[  7]  30.00-31.00  sec  6.75 MBytes  56.6 Mbits/sec    0    244 KBytes       
[SUM]  30.00-31.00  sec  13.6 MBytes   114 Mbits/sec    0             
- - - - - - - - - - - - - - - - - - - - - - - - -
[  5]  31.00-32.00  sec  8.25 MBytes  69.2 Mbits/sec    0    290 KBytes       
[  7]  31.00-32.00  sec  5.50 MBytes  46.2 Mbits/sec    0    265 KBytes       
[SUM]  31.00-32.00  sec  13.8 MBytes   115 Mbits/sec    0             
- - - - - - - - - - - - - - - - - - - - - - - - -
[  5]  32.00-33.00  sec  6.75 MBytes  56.6 Mbits/sec    0    305 KBytes       
[  7]  32.00-33.00  sec  8.12 MBytes  68.2 Mbits/sec    0    278 KBytes       
[SUM]  32.00-33.00  sec  14.9 MBytes   125 Mbits/sec    0             
- - - - - - - - - - - - - - - - - - - - - - - - -
[  5]  33.00-34.00  sec  8.12 MBytes  68.2 Mbits/sec    0    324 KBytes       
[  7]  33.00-34.00  sec  6.75 MBytes  56.6 Mbits/sec    0    282 KBytes       
[SUM]  33.00-34.00  sec  14.9 MBytes   125 Mbits/sec    0             
- - - - - - - - - - - - - - - - - - - - - - - - -
[  5]  34.00-35.00  sec  9.50 MBytes  79.7 Mbits/sec    0    343 KBytes       
[  7]  34.00-35.00  sec  6.75 MBytes  56.6 Mbits/sec    0    294 KBytes       
[SUM]  34.00-35.00  sec  16.2 MBytes   136 Mbits/sec    0             
- - - - - - - - - - - - - - - - - - - - - - - - -
[  5]  35.00-36.00  sec  8.00 MBytes  67.1 Mbits/sec    0    362 KBytes       
[  7]  35.00-36.00  sec  8.38 MBytes  70.2 Mbits/sec    0    313 KBytes       
[SUM]  35.00-36.00  sec  16.4 MBytes   137 Mbits/sec    0             
- - - - - - - - - - - - - - - - - - - - - - - - -
[  5]  36.00-37.00  sec  8.25 MBytes  69.2 Mbits/sec    8    282 KBytes       
[  7]  36.00-37.00  sec  6.75 MBytes  56.6 Mbits/sec   14    246 KBytes       
[SUM]  36.00-37.00  sec  15.0 MBytes   126 Mbits/sec   22             
- - - - - - - - - - - - - - - - - - - - - - - - -
[  5]  37.00-38.00  sec  8.25 MBytes  69.2 Mbits/sec    0    324 KBytes       
[  7]  37.00-38.00  sec  6.88 MBytes  57.7 Mbits/sec    0    285 KBytes       
[SUM]  37.00-38.00  sec  15.1 MBytes   127 Mbits/sec    0             
- - - - - - - - - - - - - - - - - - - - - - - - -
[  5]  38.00-39.00  sec  8.25 MBytes  69.2 Mbits/sec    0    350 KBytes       
[  7]  38.00-39.00  sec  5.38 MBytes  45.1 Mbits/sec    6    223 KBytes       
[SUM]  38.00-39.00  sec  13.6 MBytes   114 Mbits/sec    6             
- - - - - - - - - - - - - - - - - - - - - - - - -
[  5]  39.00-40.00  sec  9.62 MBytes  80.7 Mbits/sec    0    363 KBytes       
[  7]  39.00-40.00  sec  6.75 MBytes  56.6 Mbits/sec    0    238 KBytes       
[SUM]  39.00-40.00  sec  16.4 MBytes   137 Mbits/sec    0             
- - - - - - - - - - - - - - - - - - - - - - - - -
[  5]  40.00-41.00  sec  9.50 MBytes  79.7 Mbits/sec    0    370 KBytes       
[  7]  40.00-41.00  sec  5.50 MBytes  46.1 Mbits/sec    0    255 KBytes       
[SUM]  40.00-41.00  sec  15.0 MBytes   126 Mbits/sec    0             
- - - - - - - - - - - - - - - - - - - - - - - - -
[  5]  41.00-42.00  sec  9.50 MBytes  79.7 Mbits/sec    0    372 KBytes       
[  7]  41.00-42.00  sec  6.75 MBytes  56.6 Mbits/sec    0    274 KBytes       
[SUM]  41.00-42.00  sec  16.2 MBytes   136 Mbits/sec    0             
- - - - - - - - - - - - - - - - - - - - - - - - -
[  5]  42.00-43.00  sec  8.50 MBytes  71.3 Mbits/sec    0    381 KBytes       
[  7]  42.00-43.00  sec  8.12 MBytes  68.2 Mbits/sec    0    291 KBytes       
[SUM]  42.00-43.00  sec  16.6 MBytes   139 Mbits/sec    0             
- - - - - - - - - - - - - - - - - - - - - - - - -
[  5]  43.00-44.00  sec  11.1 MBytes  93.3 Mbits/sec    0    400 KBytes       
[  7]  43.00-44.00  sec  6.88 MBytes  57.7 Mbits/sec   12    229 KBytes       
[SUM]  43.00-44.00  sec  18.0 MBytes   151 Mbits/sec   12             
- - - - - - - - - - - - - - - - - - - - - - - - -
[  5]  44.00-45.00  sec  8.25 MBytes  69.2 Mbits/sec    6    321 KBytes       
[  7]  44.00-45.00  sec  4.25 MBytes  35.7 Mbits/sec    2    184 KBytes       
[SUM]  44.00-45.00  sec  12.5 MBytes   105 Mbits/sec    8             
- - - - - - - - - - - - - - - - - - - - - - - - -
[  5]  45.00-46.00  sec  8.12 MBytes  68.1 Mbits/sec    0    362 KBytes       
[  7]  45.00-46.00  sec  4.25 MBytes  35.6 Mbits/sec    0    199 KBytes       
[SUM]  45.00-46.00  sec  12.4 MBytes   104 Mbits/sec    0             
- - - - - - - - - - - - - - - - - - - - - - - - -
[  5]  46.00-47.00  sec  9.62 MBytes  80.8 Mbits/sec    0    385 KBytes       
[  7]  46.00-47.00  sec  5.38 MBytes  45.1 Mbits/sec    0    218 KBytes       
[SUM]  46.00-47.00  sec  15.0 MBytes   126 Mbits/sec    0             
- - - - - - - - - - - - - - - - - - - - - - - - -
[  5]  47.00-48.00  sec  9.62 MBytes  80.7 Mbits/sec    0    399 KBytes       
[  7]  47.00-48.00  sec  6.75 MBytes  56.6 Mbits/sec    0    237 KBytes       
[SUM]  47.00-48.00  sec  16.4 MBytes   137 Mbits/sec    0             
- - - - - - - - - - - - - - - - - - - - - - - - -
[  5]  48.00-49.00  sec  11.1 MBytes  93.4 Mbits/sec    0    404 KBytes       
[  7]  48.00-49.00  sec  5.38 MBytes  45.1 Mbits/sec    0    256 KBytes       
[SUM]  48.00-49.00  sec  16.5 MBytes   138 Mbits/sec    0             
- - - - - - - - - - - - - - - - - - - - - - - - -
[  5]  49.00-50.00  sec  9.38 MBytes  78.6 Mbits/sec    0    404 KBytes       
[  7]  49.00-50.00  sec  6.75 MBytes  56.6 Mbits/sec    0    274 KBytes       
[SUM]  49.00-50.00  sec  16.1 MBytes   135 Mbits/sec    0             
- - - - - - - - - - - - - - - - - - - - - - - - -
[  5]  50.00-51.00  sec  10.9 MBytes  91.2 Mbits/sec    0    408 KBytes       
[  7]  50.00-51.00  sec  8.25 MBytes  69.2 Mbits/sec    0    294 KBytes       
[SUM]  50.00-51.00  sec  19.1 MBytes   160 Mbits/sec    0             
- - - - - - - - - - - - - - - - - - - - - - - - -
[  5]  51.00-52.00  sec  9.62 MBytes  80.7 Mbits/sec    7    308 KBytes       
[  7]  51.00-52.00  sec  6.75 MBytes  56.6 Mbits/sec    0    313 KBytes       
[SUM]  51.00-52.00  sec  16.4 MBytes   137 Mbits/sec    7             
- - - - - - - - - - - - - - - - - - - - - - - - -
[  5]  52.00-53.00  sec  6.75 MBytes  56.6 Mbits/sec   12    242 KBytes       
[  7]  52.00-53.00  sec  6.88 MBytes  57.7 Mbits/sec   13    256 KBytes       
[SUM]  52.00-53.00  sec  13.6 MBytes   114 Mbits/sec   25             
- - - - - - - - - - - - - - - - - - - - - - - - -
[  5]  53.00-54.00  sec  5.50 MBytes  46.1 Mbits/sec    0    256 KBytes       
[  7]  53.00-54.00  sec  6.75 MBytes  56.6 Mbits/sec    9    201 KBytes       
[SUM]  53.00-54.00  sec  12.2 MBytes   103 Mbits/sec    9             
- - - - - - - - - - - - - - - - - - - - - - - - -
[  5]  54.00-55.00  sec  6.75 MBytes  56.6 Mbits/sec    0    271 KBytes       
[  7]  54.00-55.00  sec  5.50 MBytes  46.1 Mbits/sec    0    223 KBytes       
[SUM]  54.00-55.00  sec  12.2 MBytes   103 Mbits/sec    0             
- - - - - - - - - - - - - - - - - - - - - - - - -
[  5]  55.00-56.00  sec  8.12 MBytes  68.2 Mbits/sec    0    290 KBytes       
[  7]  55.00-56.00  sec  5.50 MBytes  46.2 Mbits/sec    0    236 KBytes       
[SUM]  55.00-56.00  sec  13.6 MBytes   114 Mbits/sec    0             
- - - - - - - - - - - - - - - - - - - - - - - - -
[  5]  56.00-57.00  sec  6.88 MBytes  57.7 Mbits/sec    0    309 KBytes       
[  7]  56.00-57.00  sec  5.38 MBytes  45.1 Mbits/sec    0    255 KBytes       
[SUM]  56.00-57.00  sec  12.2 MBytes   103 Mbits/sec    0             
- - - - - - - - - - - - - - - - - - - - - - - - -
[  5]  57.00-58.00  sec  8.12 MBytes  68.2 Mbits/sec    0    328 KBytes       
[  7]  57.00-58.00  sec  6.88 MBytes  57.7 Mbits/sec    2    206 KBytes       
[SUM]  57.00-58.00  sec  15.0 MBytes   126 Mbits/sec    2             
- - - - - - - - - - - - - - - - - - - - - - - - -
[  5]  58.00-59.00  sec  8.25 MBytes  69.2 Mbits/sec    0    347 KBytes       
[  7]  58.00-59.00  sec  5.38 MBytes  45.1 Mbits/sec    0    236 KBytes       
[SUM]  58.00-59.00  sec  13.6 MBytes   114 Mbits/sec    0             
- - - - - - - - - - - - - - - - - - - - - - - - -
[  5]  59.00-60.00  sec  9.62 MBytes  80.7 Mbits/sec    0    366 KBytes       
[  7]  59.00-60.00  sec  5.38 MBytes  45.1 Mbits/sec    0    253 KBytes       
[SUM]  59.00-60.00  sec  15.0 MBytes   126 Mbits/sec    0             
- - - - - - - - - - - - - - - - - - - - - - - - -
[ ID] Interval           Transfer     Bitrate         Retr
[  5]   0.00-60.00  sec   521 MBytes  72.9 Mbits/sec  739            sender
[  5]   0.00-60.04  sec   518 MBytes  72.4 Mbits/sec                  receiver
[  7]   0.00-60.00  sec   407 MBytes  57.0 Mbits/sec  674            sender
[  7]   0.00-60.04  sec   405 MBytes  56.6 Mbits/sec                  receiver
[SUM]   0.00-60.00  sec   929 MBytes   130 Mbits/sec  1413             sender
[SUM]   0.00-60.04  sec   923 MBytes   129 Mbits/sec                  receiver

iperf Done.
