Connecting to host 10.200.2.10, port 5201
[  5] local 10.200.1.10 port 56856 connected to 10.200.2.10 port 5201
[ ID] Interval           Transfer     Bitrate         Total Datagrams
[  5]   0.00-1.00   sec  1.41 KBytes  11.6 Kbits/sec  1  
[  5]   1.00-2.00   sec  0.00 Bytes  0.00 bits/sec  0  
[  5]   2.00-3.00   sec  0.00 Bytes  0.00 bits/sec  0  
[  5]   3.00-4.00   sec  0.00 Bytes  0.00 bits/sec  0  
[  5]   4.00-5.00   sec  0.00 Bytes  0.00 bits/sec  0  
[  5]   5.00-6.00   sec  0.00 Bytes  0.00 bits/sec  0  
[  5]   6.00-7.00   sec  0.00 Bytes  0.00 bits/sec  0  
[  5]   7.00-8.00   sec  0.00 Bytes  0.00 bits/sec  0  
[  5]   8.00-9.00   sec  0.00 Bytes  0.00 bits/sec  0  
[  5]   9.00-10.00  sec  0.00 Bytes  0.00 bits/sec  0  
[  5]  10.00-11.00  sec  0.00 Bytes  0.00 bits/sec  0  
[  5]  11.00-12.00  sec  0.00 Bytes  0.00 bits/sec  0  
[  5]  12.00-13.00  sec  0.00 Bytes  0.00 bits/sec  0  
[  5]  13.00-14.00  sec  0.00 Bytes  0.00 bits/sec  0  
[  5]  14.00-15.00  sec  0.00 Bytes  0.00 bits/sec  0  
[  5]  15.00-16.00  sec  0.00 Bytes  0.00 bits/sec  0  
[  5]  16.00-17.00  sec  0.00 Bytes  0.00 bits/sec  0  
[  5]  17.00-18.00  sec  0.00 Bytes  0.00 bits/sec  0  
[  5]  18.00-19.00  sec  0.00 Bytes  0.00 bits/sec  0  
[  5]  19.00-20.00  sec  0.00 Bytes  0.00 bits/sec  0  
[  5]  20.00-21.00  sec  0.00 Bytes  0.00 bits/sec  0  
[  5]  21.00-22.00  sec  0.00 Bytes  0.00 bits/sec  0  
[  5]  22.00-23.00  sec  0.00 Bytes  0.00 bits/sec  0  
[  5]  23.00-24.00  sec  0.00 Bytes  0.00 bits/sec  0  
[  5]  24.00-25.00  sec  0.00 Bytes  0.00 bits/sec  0  
[  5]  25.00-26.00  sec  0.00 Bytes  0.00 bits/sec  0  
[  5]  26.00-27.00  sec  0.00 Bytes  0.00 bits/sec  0  
[  5]  27.00-28.00  sec  0.00 Bytes  0.00 bits/sec  0  
[  5]  28.00-29.00  sec  0.00 Bytes  0.00 bits/sec  0  
[  5]  29.00-30.00  sec  0.00 Bytes  0.00 bits/sec  0  
- - - - - - - - - - - - - - - - - - - - - - - - -
[ ID] Interval           Transfer     Bitrate         Jitter    Lost/Total Datagrams
[  5]   0.00-30.00  sec  1.41 KBytes   386 bits/sec  0.000 ms  0/1 (0%)  sender
[  5]   0.00-30.04  sec  0.00 Bytes  0.00 bits/sec  0.000 ms  0/0 (0%)  receiver

iperf Done.
Connecting to host 10.200.2.10, port 5201
[  5] local 10.200.1.10 port 40440 connected to 10.200.2.10 port 5201
[  7] local 10.200.1.10 port 40450 connected to 10.200.2.10 port 5201
[ ID] Interval           Transfer     Bitrate         Retr  Cwnd
[  5]   0.00-1.00   sec  11.1 MBytes  93.2 Mbits/sec   82    359 KBytes       
[  7]   0.00-1.00   sec  15.8 MBytes   132 Mbits/sec  196    500 KBytes       
[SUM]   0.00-1.00   sec  26.9 MBytes   225 Mbits/sec  278             
- - - - - - - - - - - - - - - - - - - - - - - - -
[  5]   1.00-2.00   sec  8.12 MBytes  68.2 Mbits/sec   14    276 KBytes       
[  7]   1.00-2.00   sec  9.62 MBytes  80.7 Mbits/sec   22    384 KBytes       
[SUM]   1.00-2.00   sec  17.8 MBytes   149 Mbits/sec   36             
- - - - - - - - - - - - - - - - - - - - - - - - -
[  5]   2.00-3.00   sec  6.88 MBytes  57.7 Mbits/sec    0    301 KBytes       
[  7]   2.00-3.00   sec  9.62 MBytes  80.7 Mbits/sec    0    407 KBytes       
[SUM]   2.00-3.00   sec  16.5 MBytes   138 Mbits/sec    0             
- - - - - - - - - - - - - - - - - - - - - - - - -
[  5]   3.00-4.00   sec  8.25 MBytes  69.2 Mbits/sec    0    314 KBytes       
[  7]   3.00-4.00   sec  11.0 MBytes  92.3 Mbits/sec    0    418 KBytes       
[SUM]   3.00-4.00   sec  19.2 MBytes   162 Mbits/sec    0             
- - - - - - - - - - - - - - - - - - - - - - - - -
[  5]   4.00-5.00   sec  8.25 MBytes  69.2 Mbits/sec    0    327 KBytes       
[  7]   4.00-5.00   sec  10.0 MBytes  83.9 Mbits/sec    4    309 KBytes       
[SUM]   4.00-5.00   sec  18.2 MBytes   153 Mbits/sec    4             
- - - - - - - - - - - - - - - - - - - - - - - - -
[  5]   5.00-6.00   sec  8.25 MBytes  69.2 Mbits/sec    0    346 KBytes       
[  7]   5.00-6.00   sec  8.12 MBytes  68.1 Mbits/sec    0    336 KBytes       
[SUM]   5.00-6.00   sec  16.4 MBytes   137 Mbits/sec    0             
- - - - - - - - - - - - - - - - - - - - - - - - -
[  5]   6.00-7.00   sec  9.50 MBytes  79.7 Mbits/sec    0    363 KBytes       
[  7]   6.00-7.00   sec  8.25 MBytes  69.2 Mbits/sec    0    350 KBytes       
[SUM]   6.00-7.00   sec  17.8 MBytes   149 Mbits/sec    0             
- - - - - - - - - - - - - - - - - - - - - - - - -
[  5]   7.00-8.00   sec  9.62 MBytes  80.7 Mbits/sec    0    383 KBytes       
[  7]   7.00-8.00   sec  7.00 MBytes  58.7 Mbits/sec    4    270 KBytes       
[SUM]   7.00-8.00   sec  16.6 MBytes   139 Mbits/sec    4             
- - - - - - - - - - - - - - - - - - - - - - - - -
[  5]   8.00-9.00   sec  9.62 MBytes  80.8 Mbits/sec    0    402 KBytes       
[  7]   8.00-9.00   sec  6.75 MBytes  56.6 Mbits/sec    0    287 KBytes       
[SUM]   8.00-9.00   sec  16.4 MBytes   137 Mbits/sec    0             
- - - - - - - - - - - - - - - - - - - - - - - - -
[  5]   9.00-10.00  sec  10.9 MBytes  91.2 Mbits/sec    0    421 KBytes       
[  7]   9.00-10.00  sec  8.12 MBytes  68.2 Mbits/sec    0    298 KBytes       
[SUM]   9.00-10.00  sec  19.0 MBytes   159 Mbits/sec    0             
- - - - - - - - - - - - - - - - - - - - - - - - -
[  5]  10.00-11.00  sec  9.50 MBytes  79.7 Mbits/sec   13    310 KBytes       
[  7]  10.00-11.00  sec  8.12 MBytes  68.2 Mbits/sec   12    222 KBytes       
[SUM]  10.00-11.00  sec  17.6 MBytes   148 Mbits/sec   25             
- - - - - - - - - - - - - - - - - - - - - - - - -
[  5]  11.00-12.00  sec  6.88 MBytes  57.7 Mbits/sec    6    250 KBytes       
[  7]  11.00-12.00  sec  5.38 MBytes  45.1 Mbits/sec    0    264 KBytes       
[SUM]  11.00-12.00  sec  12.2 MBytes   103 Mbits/sec    6             
- - - - - - - - - - - - - - - - - - - - - - - - -
[  5]  12.00-13.00  sec  6.88 MBytes  57.7 Mbits/sec    0    270 KBytes       
[  7]  12.00-13.00  sec  6.88 MBytes  57.7 Mbits/sec    0    291 KBytes       
[SUM]  12.00-13.00  sec  13.8 MBytes   115 Mbits/sec    0             
- - - - - - - - - - - - - - - - - - - - - - - - -
[  5]  13.00-14.00  sec  6.88 MBytes  57.7 Mbits/sec    0    279 KBytes       
[  7]  13.00-14.00  sec  8.12 MBytes  68.2 Mbits/sec    0    306 KBytes       
[SUM]  13.00-14.00  sec  15.0 MBytes   126 Mbits/sec    0             
- - - - - - - - - - - - - - - - - - - - - - - - -
[  5]  14.00-15.00  sec  8.38 MBytes  70.3 Mbits/sec    0    298 KBytes       
[  7]  14.00-15.00  sec  8.00 MBytes  67.1 Mbits/sec    0    313 KBytes       
[SUM]  14.00-15.00  sec  16.4 MBytes   137 Mbits/sec    0             
- - - - - - - - - - - - - - - - - - - - - - - - -
[  5]  15.00-16.00  sec  8.12 MBytes  68.2 Mbits/sec    0    317 KBytes       
[  7]  15.00-16.00  sec  8.25 MBytes  69.2 Mbits/sec    0    314 KBytes       
[SUM]  15.00-16.00  sec  16.4 MBytes   137 Mbits/sec    0             
- - - - - - - - - - - - - - - - - - - - - - - - -
[  5]  16.00-17.00  sec  8.12 MBytes  68.2 Mbits/sec    0    336 KBytes       
[  7]  16.00-17.00  sec  8.25 MBytes  69.2 Mbits/sec    0    334 KBytes       
[SUM]  16.00-17.00  sec  16.4 MBytes   137 Mbits/sec    0             
- - - - - - - - - - - - - - - - - - - - - - - - -
[  5]  17.00-18.00  sec  8.00 MBytes  67.1 Mbits/sec    0    355 KBytes       
[  7]  17.00-18.00  sec  8.12 MBytes  68.1 Mbits/sec    0    351 KBytes       
[SUM]  17.00-18.00  sec  16.1 MBytes   135 Mbits/sec    0             
- - - - - - - - - - - - - - - - - - - - - - - - -
[  5]  18.00-19.00  sec  9.62 MBytes  80.8 Mbits/sec    0    374 KBytes       
[  7]  18.00-19.00  sec  9.75 MBytes  81.8 Mbits/sec    0    372 KBytes       
[SUM]  18.00-19.00  sec  19.4 MBytes   163 Mbits/sec    0             
- - - - - - - - - - - - - - - - - - - - - - - - -
[  5]  19.00-20.00  sec  8.12 MBytes  68.2 Mbits/sec    5    290 KBytes       
[  7]  19.00-20.00  sec  9.62 MBytes  80.7 Mbits/sec    0    389 KBytes       
[SUM]  19.00-20.00  sec  17.8 MBytes   149 Mbits/sec    5             
- - - - - - - - - - - - - - - - - - - - - - - - -
[  5]  20.00-21.00  sec  8.25 MBytes  69.2 Mbits/sec    0    334 KBytes       
[  7]  20.00-21.00  sec  9.50 MBytes  79.7 Mbits/sec    0    410 KBytes       
[SUM]  20.00-21.00  sec  17.8 MBytes   149 Mbits/sec    0             
- - - - - - - - - - - - - - - - - - - - - - - - -
[  5]  21.00-22.00  sec  9.38 MBytes  78.6 Mbits/sec    0    361 KBytes       
[  7]  21.00-22.00  sec  11.0 MBytes  92.3 Mbits/sec    0    427 KBytes       
[SUM]  21.00-22.00  sec  20.4 MBytes   171 Mbits/sec    0             
- - - - - - - - - - - - - - - - - - - - - - - - -
[  5]  22.00-23.00  sec  9.62 MBytes  80.7 Mbits/sec    0    377 KBytes       
[  7]  22.00-23.00  sec  7.00 MBytes  58.7 Mbits/sec    9    233 KBytes       
[SUM]  22.00-23.00  sec  16.6 MBytes   139 Mbits/sec    9             
- - - - - - - - - - - - - - - - - - - - - - - - -
[  5]  23.00-24.00  sec  9.62 MBytes  80.8 Mbits/sec    0    384 KBytes       
[  7]  23.00-24.00  sec  5.62 MBytes  47.2 Mbits/sec    0    248 KBytes       
[SUM]  23.00-24.00  sec  15.2 MBytes   128 Mbits/sec    0             
- - - - - - - - - - - - - - - - - - - - - - - - -
[  5]  24.00-25.00  sec  8.12 MBytes  68.2 Mbits/sec    9    298 KBytes       
[  7]  24.00-25.00  sec  6.88 MBytes  57.7 Mbits/sec    0    263 KBytes       
[SUM]  24.00-25.00  sec  15.0 MBytes   126 Mbits/sec    9             
- - - - - - - - - - - - - - - - - - - - - - - - -
[  5]  25.00-26.00  sec  8.38 MBytes  70.3 Mbits/sec    0    339 KBytes       
[  7]  25.00-26.00  sec  6.88 MBytes  57.7 Mbits/sec    0    282 KBytes       
[SUM]  25.00-26.00  sec  15.2 MBytes   128 Mbits/sec    0             
- - - - - - - - - - - - - - - - - - - - - - - - -
[  5]  26.00-27.00  sec  8.25 MBytes  69.2 Mbits/sec    0    365 KBytes       
[  7]  26.00-27.00  sec  6.88 MBytes  57.7 Mbits/sec    0    301 KBytes       
[SUM]  26.00-27.00  sec  15.1 MBytes   127 Mbits/sec    0             
- - - - - - - - - - - - - - - - - - - - - - - - -
[  5]  27.00-28.00  sec  9.75 MBytes  81.8 Mbits/sec    0    378 KBytes       
[  7]  27.00-28.00  sec  8.12 MBytes  68.2 Mbits/sec    0    320 KBytes       
[SUM]  27.00-28.00  sec  17.9 MBytes   150 Mbits/sec    0             
- - - - - - - - - - - - - - - - - - - - - - - - -
[  5]  28.00-29.00  sec  8.12 MBytes  68.2 Mbits/sec    3    285 KBytes       
[  7]  28.00-29.00  sec  8.25 MBytes  69.2 Mbits/sec    0    339 KBytes       
[SUM]  28.00-29.00  sec  16.4 MBytes   137 Mbits/sec    3             
- - - - - - - - - - - - - - - - - - - - - - - - -
[  5]  29.00-30.00  sec  8.12 MBytes  68.2 Mbits/sec    0    306 KBytes       
[  7]  29.00-30.00  sec  9.38 MBytes  78.6 Mbits/sec    0    358 KBytes       
[SUM]  29.00-30.00  sec  17.5 MBytes   147 Mbits/sec    0             
- - - - - - - - - - - - - - - - - - - - - - - - -
[  5]  30.00-31.00  sec  8.38 MBytes  70.3 Mbits/sec    0    319 KBytes       
[  7]  30.00-31.00  sec  9.75 MBytes  81.8 Mbits/sec    0    377 KBytes       
[SUM]  30.00-31.00  sec  18.1 MBytes   152 Mbits/sec    0             
- - - - - - - - - - - - - - - - - - - - - - - - -
[  5]  31.00-32.00  sec  8.25 MBytes  69.2 Mbits/sec    0    332 KBytes       
[  7]  31.00-32.00  sec  9.62 MBytes  80.7 Mbits/sec    0    396 KBytes       
[SUM]  31.00-32.00  sec  17.9 MBytes   150 Mbits/sec    0             
- - - - - - - - - - - - - - - - - - - - - - - - -
[  5]  32.00-33.00  sec  6.75 MBytes  56.6 Mbits/sec    4    271 KBytes       
[  7]  32.00-33.00  sec  8.12 MBytes  68.1 Mbits/sec   15    320 KBytes       
[SUM]  32.00-33.00  sec  14.9 MBytes   125 Mbits/sec   19             
- - - - - - - - - - - - - - - - - - - - - - - - -
[  5]  33.00-34.00  sec  6.88 MBytes  57.7 Mbits/sec    0    304 KBytes       
[  7]  33.00-34.00  sec  8.38 MBytes  70.3 Mbits/sec    0    358 KBytes       
[SUM]  33.00-34.00  sec  15.2 MBytes   128 Mbits/sec    0             
- - - - - - - - - - - - - - - - - - - - - - - - -
[  5]  34.00-35.00  sec  8.12 MBytes  68.2 Mbits/sec    0    323 KBytes       
[  7]  34.00-35.00  sec  9.62 MBytes  80.7 Mbits/sec    0    381 KBytes       
[SUM]  34.00-35.00  sec  17.8 MBytes   149 Mbits/sec    0             
- - - - - - - - - - - - - - - - - - - - - - - - -
[  5]  35.00-36.00  sec  6.75 MBytes  56.6 Mbits/sec    7    249 KBytes       
[  7]  35.00-36.00  sec  9.62 MBytes  80.7 Mbits/sec    0    393 KBytes       
[SUM]  35.00-36.00  sec  16.4 MBytes   137 Mbits/sec    7             
- - - - - - - - - - - - - - - - - - - - - - - - -
[  5]  36.00-37.00  sec  4.12 MBytes  34.6 Mbits/sec   10    196 KBytes       
[  7]  36.00-37.00  sec  8.12 MBytes  68.2 Mbits/sec    8    305 KBytes       
[SUM]  36.00-37.00  sec  12.2 MBytes   103 Mbits/sec   18             
- - - - - - - - - - - - - - - - - - - - - - - - -
[  5]  37.00-38.00  sec  5.38 MBytes  45.1 Mbits/sec    0    210 KBytes       
[  7]  37.00-38.00  sec  8.25 MBytes  69.2 Mbits/sec    0    323 KBytes       
[SUM]  37.00-38.00  sec  13.6 MBytes   114 Mbits/sec    0             
- - - - - - - - - - - - - - - - - - - - - - - - -
[  5]  38.00-39.00  sec  5.38 MBytes  45.1 Mbits/sec    0    229 KBytes       
[  7]  38.00-39.00  sec  8.25 MBytes  69.2 Mbits/sec    0    332 KBytes       
[SUM]  38.00-39.00  sec  13.6 MBytes   114 Mbits/sec    0             
- - - - - - - - - - - - - - - - - - - - - - - - -
[  5]  39.00-40.00  sec  5.38 MBytes  45.1 Mbits/sec    1    187 KBytes       
[  7]  39.00-40.00  sec  8.12 MBytes  68.1 Mbits/sec    0    348 KBytes       
[SUM]  39.00-40.00  sec  13.5 MBytes   113 Mbits/sec    1             
- - - - - - - - - - - - - - - - - - - - - - - - -
[  5]  40.00-41.00  sec  5.38 MBytes  45.1 Mbits/sec    0    214 KBytes       
[  7]  40.00-41.00  sec  9.38 MBytes  78.7 Mbits/sec    0    368 KBytes       
[SUM]  40.00-41.00  sec  14.8 MBytes   124 Mbits/sec    0             
- - - - - - - - - - - - - - - - - - - - - - - - -
[  5]  41.00-42.00  sec  5.38 MBytes  45.1 Mbits/sec    0    229 KBytes       
[  7]  41.00-42.00  sec  8.25 MBytes  69.2 Mbits/sec    5    291 KBytes       
[SUM]  41.00-42.00  sec  13.6 MBytes   114 Mbits/sec    5             
- - - - - - - - - - - - - - - - - - - - - - - - -
[  5]  42.00-43.00  sec  5.50 MBytes  46.1 Mbits/sec    0    234 KBytes       
[  7]  42.00-43.00  sec  8.12 MBytes  68.2 Mbits/sec    0    332 KBytes       
[SUM]  42.00-43.00  sec  13.6 MBytes   114 Mbits/sec    0             
- - - - - - - - - - - - - - - - - - - - - - - - -
[  5]  43.00-44.00  sec  6.75 MBytes  56.6 Mbits/sec    0    250 KBytes       
[  7]  43.00-44.00  sec  8.12 MBytes  68.1 Mbits/sec    0    355 KBytes       
[SUM]  43.00-44.00  sec  14.9 MBytes   125 Mbits/sec    0             
- - - - - - - - - - - - - - - - - - - - - - - - -
[  5]  44.00-45.00  sec  6.88 MBytes  57.7 Mbits/sec    0    270 KBytes       
[  7]  44.00-45.00  sec  9.50 MBytes  79.7 Mbits/sec    0    369 KBytes       
[SUM]  44.00-45.00  sec  16.4 MBytes   137 Mbits/sec    0             
- - - - - - - - - - - - - - - - - - - - - - - - -
[  5]  45.00-46.00  sec  6.75 MBytes  56.6 Mbits/sec    4    206 KBytes       
[  7]  45.00-46.00  sec  8.50 MBytes  71.3 Mbits/sec    2    264 KBytes       
[SUM]  45.00-46.00  sec  15.2 MBytes   128 Mbits/sec    6             
- - - - - - - - - - - - - - - - - - - - - - - - -
[  5]  46.00-47.00  sec  5.50 MBytes  46.1 Mbits/sec    0    244 KBytes       
[  7]  46.00-47.00  sec  6.75 MBytes  56.6 Mbits/sec    0    293 KBytes       
[SUM]  46.00-47.00  sec  12.2 MBytes   103 Mbits/sec    0             
- - - - - - - - - - - - - - - - - - - - - - - - -
[  5]  47.00-48.00  sec  6.75 MBytes  56.6 Mbits/sec    0    267 KBytes       
[  7]  47.00-48.00  sec  8.12 MBytes  68.2 Mbits/sec    0    308 KBytes       
[SUM]  47.00-48.00  sec  14.9 MBytes   125 Mbits/sec    0             
- - - - - - - - - - - - - - - - - - - - - - - - -
[  5]  48.00-49.00  sec  6.75 MBytes  56.6 Mbits/sec    0    279 KBytes       
[  7]  48.00-49.00  sec  8.25 MBytes  69.2 Mbits/sec    0    319 KBytes       
[SUM]  48.00-49.00  sec  15.0 MBytes   126 Mbits/sec    0             
- - - - - - - - - - - - - - - - - - - - - - - - -
[  5]  49.00-50.00  sec  6.88 MBytes  57.7 Mbits/sec    0    285 KBytes       
[  7]  49.00-50.00  sec  6.75 MBytes  56.6 Mbits/sec    4    263 KBytes       
[SUM]  49.00-50.00  sec  13.6 MBytes   114 Mbits/sec    4             
- - - - - - - - - - - - - - - - - - - - - - - - -
[  5]  50.00-51.00  sec  8.12 MBytes  68.2 Mbits/sec    0    294 KBytes       
[  7]  50.00-51.00  sec  6.75 MBytes  56.6 Mbits/sec    0    291 KBytes       
[SUM]  50.00-51.00  sec  14.9 MBytes   125 Mbits/sec    0             
- - - - - - - - - - - - - - - - - - - - - - - - -
[  5]  51.00-52.00  sec  6.75 MBytes  56.6 Mbits/sec    0    314 KBytes       
[  7]  51.00-52.00  sec  6.88 MBytes  57.7 Mbits/sec    0    309 KBytes       
[SUM]  51.00-52.00  sec  13.6 MBytes   114 Mbits/sec    0             
- - - - - - - - - - - - - - - - - - - - - - - - -
[  5]  52.00-53.00  sec  9.38 MBytes  78.6 Mbits/sec    0    334 KBytes       
[  7]  52.00-53.00  sec  8.25 MBytes  69.2 Mbits/sec    0    317 KBytes       
[SUM]  52.00-53.00  sec  17.6 MBytes   148 Mbits/sec    0             
- - - - - - - - - - - - - - - - - - - - - - - - -
[  5]  53.00-54.00  sec  8.25 MBytes  69.2 Mbits/sec    0    353 KBytes       
[  7]  53.00-54.00  sec  8.12 MBytes  68.2 Mbits/sec    0    319 KBytes       
[SUM]  53.00-54.00  sec  16.4 MBytes   137 Mbits/sec    0             
- - - - - - - - - - - - - - - - - - - - - - - - -
[  5]  54.00-55.00  sec  9.62 MBytes  80.7 Mbits/sec    0    370 KBytes       
[  7]  54.00-55.00  sec  8.12 MBytes  68.1 Mbits/sec    1    328 KBytes       
[SUM]  54.00-55.00  sec  17.8 MBytes   149 Mbits/sec    1             
- - - - - - - - - - - - - - - - - - - - - - - - -
[  5]  55.00-56.00  sec  8.50 MBytes  71.3 Mbits/sec    0    389 KBytes       
[  7]  55.00-56.00  sec  6.88 MBytes  57.7 Mbits/sec    1    276 KBytes       
[SUM]  55.00-56.00  sec  15.4 MBytes   129 Mbits/sec    1             
- - - - - - - - - - - - - - - - - - - - - - - - -
[  5]  56.00-57.00  sec  10.8 MBytes  90.2 Mbits/sec   27    285 KBytes       
[  7]  56.00-57.00  sec  6.88 MBytes  57.7 Mbits/sec   12    212 KBytes       
[SUM]  56.00-57.00  sec  17.6 MBytes   148 Mbits/sec   39             
- - - - - - - - - - - - - - - - - - - - - - - - -
[  5]  57.00-58.00  sec  8.12 MBytes  68.2 Mbits/sec    0    336 KBytes       
[  7]  57.00-58.00  sec  6.88 MBytes  57.7 Mbits/sec    0    238 KBytes       
[SUM]  57.00-58.00  sec  15.0 MBytes   126 Mbits/sec    0             
- - - - - - - - - - - - - - - - - - - - - - - - -
[  5]  58.00-59.00  sec  8.12 MBytes  68.2 Mbits/sec    0    372 KBytes       
[  7]  58.00-59.00  sec  5.50 MBytes  46.1 Mbits/sec    0    252 KBytes       
[SUM]  58.00-59.00  sec  13.6 MBytes   114 Mbits/sec    0             
- - - - - - - - - - - - - - - - - - - - - - - - -
[  5]  59.00-60.00  sec  11.0 MBytes  92.3 Mbits/sec    0    392 KBytes       
[  7]  59.00-60.00  sec  6.75 MBytes  56.6 Mbits/sec    0    268 KBytes       
[SUM]  59.00-60.00  sec  17.8 MBytes   149 Mbits/sec    0             
- - - - - - - - - - - - - - - - - - - - - - - - -
[ ID] Interval           Transfer     Bitrate         Retr
[  5]   0.00-60.00  sec   475 MBytes  66.4 Mbits/sec  185            sender
[  5]   0.00-60.04  sec   472 MBytes  65.9 Mbits/sec                  receiver
[  7]   0.00-60.00  sec   495 MBytes  69.2 Mbits/sec  295            sender
[  7]   0.00-60.04  sec   492 MBytes  68.7 Mbits/sec                  receiver
[SUM]   0.00-60.00  sec   970 MBytes   136 Mbits/sec  480             sender
[SUM]   0.00-60.04  sec   964 MBytes   135 Mbits/sec                  receiver

iperf Done.
